Archive member included to satisfy reference by file (symbol)

C:/Program Files/SEGGER/SEGGER Embedded Studio 8.14a/lib/libc_v7em_fpv4_sp_d16_hard_t_le_eabi_balanced.a(fileops.o)
                              Output/Release/Obj/ble_app_uart_pca10040_s132/main.o (puts)
C:/Program Files/SEGGER/SEGGER Embedded Studio 8.14a/lib/libc_v7em_fpv4_sp_d16_hard_t_le_eabi_balanced.a(intasmops_arm.o)
                              Output/Release/Obj/ble_app_uart_pca10040_s132/bsp.o (__aeabi_ldivmod)
C:/Program Files/SEGGER/SEGGER Embedded Studio 8.14a/lib/libc_v7em_fpv4_sp_d16_hard_t_le_eabi_balanced.a(__SEGGER_RTL_vfprintf_long.o)
                              (__SEGGER_RTL_vfprintf_long)
C:/Program Files/SEGGER/SEGGER Embedded Studio 8.14a/lib/libc_v7em_fpv4_sp_d16_hard_t_le_eabi_balanced.a(__SEGGER_RTL_vfscanf_long.o)
                              (__SEGGER_RTL_vfscanf_long)
C:/Program Files/SEGGER/SEGGER Embedded Studio 8.14a/lib/libc_v7em_fpv4_sp_d16_hard_t_le_eabi_balanced.a(errno.o)
                              C:/Program Files/SEGGER/SEGGER Embedded Studio 8.14a/lib/libc_v7em_fpv4_sp_d16_hard_t_le_eabi_balanced.a(fileops.o) (__aeabi_errno_addr)
C:/Program Files/SEGGER/SEGGER Embedded Studio 8.14a/lib/libc_v7em_fpv4_sp_d16_hard_t_le_eabi_balanced.a(utilops.o)
                              C:/Program Files/SEGGER/SEGGER Embedded Studio 8.14a/lib/libc_v7em_fpv4_sp_d16_hard_t_le_eabi_balanced.a(__SEGGER_RTL_vfscanf_long.o) (__SEGGER_RTL_digit)
C:/Program Files/SEGGER/SEGGER Embedded Studio 8.14a/lib/libc_v7em_fpv4_sp_d16_hard_t_le_eabi_balanced.a(floatasmops_arm.o)
                              C:/Program Files/SEGGER/SEGGER Embedded Studio 8.14a/lib/libc_v7em_fpv4_sp_d16_hard_t_le_eabi_balanced.a(utilops.o) (__aeabi_dmul)
C:/Program Files/SEGGER/SEGGER Embedded Studio 8.14a/lib/libc_v7em_fpv4_sp_d16_hard_t_le_eabi_balanced.a(prinops.o)
                              C:/Program Files/SEGGER/SEGGER Embedded Studio 8.14a/lib/libc_v7em_fpv4_sp_d16_hard_t_le_eabi_balanced.a(__SEGGER_RTL_vfprintf_long.o) (__SEGGER_RTL_putc)
C:/Program Files/SEGGER/SEGGER Embedded Studio 8.14a/lib/prinops_rtt_v7em_fpv4_sp_d16_hard_t_le_eabi_balanced.a(prinops_rtt.o)
                              C:/Program Files/SEGGER/SEGGER Embedded Studio 8.14a/lib/libc_v7em_fpv4_sp_d16_hard_t_le_eabi_balanced.a(fileops.o) (__SEGGER_RTL_X_file_stat)
C:/Program Files/SEGGER/SEGGER Embedded Studio 8.14a/lib/heapops_basic_v7em_fpv4_sp_d16_hard_t_le_eabi_balanced.a(heapops_basic.o)
                              Output/Release/Obj/ble_app_uart_pca10040_s132/thumb_crt0.o (__SEGGER_RTL_init_heap)
C:/Program Files/SEGGER/SEGGER Embedded Studio 8.14a/lib/heapops_disable_interrupts_locking_v7em_fpv4_sp_d16_hard_t_le_eabi_balanced.a(heapops.o)
                              C:/Program Files/SEGGER/SEGGER Embedded Studio 8.14a/lib/libc_v7em_fpv4_sp_d16_hard_t_le_eabi_balanced.a(prinops.o) (free)
C:/Program Files/SEGGER/SEGGER Embedded Studio 8.14a/lib/strops_unaligned_v7em_fpv4_sp_d16_hard_t_le_eabi_balanced.a(strops.o)
                              Output/Release/Obj/ble_app_uart_pca10040_s132/main.o (memcmp)
C:/Program Files/SEGGER/SEGGER Embedded Studio 8.14a/lib/strops_unaligned_v7em_fpv4_sp_d16_hard_t_le_eabi_balanced.a(strasmops_arm.o)
                              C:/Program Files/SEGGER/SEGGER Embedded Studio 8.14a/lib/strops_unaligned_v7em_fpv4_sp_d16_hard_t_le_eabi_balanced.a(strops.o) (strcmp)
C:/Program Files/SEGGER/SEGGER Embedded Studio 8.14a/lib/mbops_timeops_v7em_fpv4_sp_d16_hard_t_le_eabi_balanced.a(mbops.o)
                              C:/Program Files/SEGGER/SEGGER Embedded Studio 8.14a/lib/libc_v7em_fpv4_sp_d16_hard_t_le_eabi_balanced.a(prinops.o) (__SEGGER_RTL_current_locale)
C:/Program Files/SEGGER/SEGGER Embedded Studio 8.14a/lib/mbops_timeops_v7em_fpv4_sp_d16_hard_t_le_eabi_balanced.a(timeops.o)
                              C:/Program Files/SEGGER/SEGGER Embedded Studio 8.14a/lib/mbops_timeops_v7em_fpv4_sp_d16_hard_t_le_eabi_balanced.a(mbops.o) (__SEGGER_RTL_string_list_encode)
C:/Program Files/SEGGER/SEGGER Embedded Studio 8.14a/lib/libc_v7em_fpv4_sp_d16_hard_t_le_eabi_balanced.a(execops.o)
                              C:/Program Files/SEGGER/SEGGER Embedded Studio 8.14a/lib/strops_unaligned_v7em_fpv4_sp_d16_hard_t_le_eabi_balanced.a(strops.o) (__SEGGER_RTL_constraint_violation)
C:/Program Files/SEGGER/SEGGER Embedded Studio 8.14a/lib/libc_v7em_fpv4_sp_d16_hard_t_le_eabi_balanced.a(execops_arm.o)
                              C:/Program Files/SEGGER/SEGGER Embedded Studio 8.14a/lib/libc_v7em_fpv4_sp_d16_hard_t_le_eabi_balanced.a(execops.o) (__aeabi_SIGABRT)
C:/Program Files/SEGGER/SEGGER Embedded Studio 8.14a/lib/libc_v7em_fpv4_sp_d16_hard_t_le_eabi_balanced.a(intops.o)
                              C:/Program Files/SEGGER/SEGGER Embedded Studio 8.14a/lib/mbops_timeops_v7em_fpv4_sp_d16_hard_t_le_eabi_balanced.a(timeops.o) (div)
[...]
Memory Configuration

Name             Origin             Length             Attributes
UNPLACED_SECTIONS 0x00000000         0x00000000         xw
RAM1             0x20000000         0x00010000         xw
FLASH1           0x00000000         0x00080000         xw
*default*        0x00000000         0xffffffff

Linker script and memory map

                0x20000000                        __RAM1_segment_start__ = 0x20000000
                0x20010000                        __RAM1_segment_end__ = 0x20010000
                0x00010000                        __RAM1_segment_size__ = 0x10000
                0x00000000                        __FLASH1_segment_start__ = 0x0
                0x00080000                        __FLASH1_segment_end__ = 0x80000
                0x00080000                        __FLASH1_segment_size__ = 0x80000
                0x00002000                        __HEAPSIZE__ = 0x2000
                0x00000000                        __SEGGER_RTL_vfprintf = __SEGGER_RTL_vfprintf_long
                0x00000000                        __SEGGER_RTL_vfscanf = __SEGGER_RTL_vfscanf_long
                0x00000000                        __STACKSIZE_PROCESS__ = 0x0
                0x00002000                        __STACKSIZE__ = 0x2000
                0x20000000                        __reserved_ram_load_start__ = 0x20000000

.reserved_ram   0x20000000     0x3118
                0x20000000                        __reserved_ram_start__ = .
 *(.reserved_ram .reserved_ram.*)
                0x20003118                        . = MAX (((__reserved_ram_start__ + 0x20003118) - 0x20000000), .)
 *fill*         0x20000000     0x3118 
                0x20003118                        __reserved_ram_end__ = (__reserved_ram_start__ + SIZEOF (.reserved_ram))
                0x00003118                        __reserved_ram_size__ = SIZEOF (.reserved_ram)
                0x20003118                        __reserved_ram_load_end__ = __reserved_ram_end__
                0x00000001                        . = ASSERT (((__reserved_ram_start__ == __reserved_ram_end__) || ((__reserved_ram_end__ - __RAM1_segment_start__) <= __RAM1_segment_size__)), error: .reserved_ram is too large to fit in RAM1 memory segment)
                0x00000001                        . = ASSERT ((__reserved_ram_size__ <= 0x3118), error: .reserved_ram section is larger than specified size)
                0x20003118                        __vectors_ram_load_start__ = 0x20003118

.vectors_ram    0x20003118        0x0
                0x20003118                        __vectors_ram_start__ = .
                0x20003118                        __app_ram_start__ = __vectors_ram_start__
 *(.vectors_ram .vectors_ram.*)
                0x20003118                        __vectors_ram_end__ = (__vectors_ram_start__ + SIZEOF (.vectors_ram))
                0x00000000                        __vectors_ram_size__ = SIZEOF (.vectors_ram)
                0x20003118                        __vectors_ram_load_end__ = __vectors_ram_end__
                0x00000001                        . = ASSERT (((__vectors_ram_start__ == __vectors_ram_end__) || ((__vectors_ram_end__ - __RAM1_segment_start__) <= __RAM1_segment_size__)), error: .vectors_ram is too large to fit in RAM1 memory segment)
                0x00000001                        . = ASSERT ((__reserved_ram_end__ <= __vectors_ram_start__), error: section .reserved_ram overlaps absolute placed section .vectors_ram)
                0x20003118                        __nrf_sections_run_load_start__ = ALIGN (__vectors_ram_end__, 0x4)

.nrf_sections_run
                0x20003118        0x0
                0x20003118                        __nrf_sections_run_start__ = .
                0x20003118                        __start_nrf_sections_run = __nrf_sections_run_start__
 *(.nrf_sections_run .nrf_sections_run.*)
                0x20003118                        __nrf_sections_run_end__ = (__nrf_sections_run_start__ + SIZEOF (.nrf_sections_run))
                0x00000000                        __nrf_sections_run_size__ = SIZEOF (.nrf_sections_run)
                0x20003118                        __nrf_sections_run_load_end__ = __nrf_sections_run_end__
                0x00000001                        . = ASSERT (((__nrf_sections_run_start__ == __nrf_sections_run_end__) || ((__nrf_sections_run_end__ - __RAM1_segment_start__) <= __RAM1_segment_size__)), error: .nrf_sections_run is too large to fit in RAM1 memory segment)
                0x00000000                        __reserved_flash_load_start__ = 0x0

.reserved_flash
                0x00000000    0x26000
                0x00000000                        __reserved_flash_start__ = .
 *(.reserved_flash .reserved_flash.*)
                0x00026000                        . = MAX (((__reserved_flash_start__ + 0x26000) - 0x0), .)
 *fill*         0x00000000    0x26000 
                0x00026000                        __reserved_flash_end__ = (__reserved_flash_start__ + SIZEOF (.reserved_flash))
                0x00026000                        __reserved_flash_size__ = SIZEOF (.reserved_flash)
                0x00026000                        __reserved_flash_load_end__ = __reserved_flash_end__
                0x00000001                        . = ASSERT (((__reserved_flash_start__ == __reserved_flash_end__) || ((__reserved_flash_end__ - __FLASH1_segment_start__) <= __FLASH1_segment_size__)), error: .reserved_flash is too large to fit in FLASH1 memory segment)
                0x00000001                        . = ASSERT ((__reserved_flash_size__ <= 0x26000), error: .reserved_flash section is larger than specified size)
                0x00026000                        __vectors_load_start__ = 0x26000

.vectors        0x00026000      0x200
                0x00026000                        __vectors_start__ = .
 *(.vectors .vectors.*)
 .vectors       0x00026000      0x200 Output/Release/Obj/ble_app_uart_pca10040_s132/ses_startup_nrf52.o
                0x00026000                _vectors
                0x00026200                        __vectors_end__ = (__vectors_start__ + SIZEOF (.vectors))
                0x00000200                        __vectors_size__ = SIZEOF (.vectors)
                0x00026200                        __vectors_load_end__ = __vectors_end__
                0x00000001                        . = ASSERT (((__vectors_start__ == __vectors_end__) || ((__vectors_end__ - __FLASH1_segment_start__) <= __FLASH1_segment_size__)), error: .vectors is too large to fit in FLASH1 memory segment)
                0x00000001                        . = ASSERT ((__reserved_flash_end__ <= __vectors_start__), error: section .reserved_flash overlaps absolute placed section .vectors)
                0x00026200                        __init_load_start__ = ALIGN (__vectors_end__, 0x4)

.init           0x00026200      0x1e4
                0x00026200                        __init_start__ = .
 *(.init .init.*)
 .init          0x00026200       0x18 Output/Release/Obj/ble_app_uart_pca10040_s132/ses_startup_nrf52.o
                0x00026200                NMI_Handler
                0x00026202                HardFault_Handler
                0x00026204                MemoryManagement_Handler
                0x00026206                BusFault_Handler
                0x00026208                UsageFault_Handler
                0x0002620a                SVC_Handler
                0x0002620c                DebugMon_Handler
                0x0002620e                PendSV_Handler
                0x00026210                SysTick_Handler
                0x00026212                SWI0_EGU0_IRQHandler
                0x00026212                RADIO_IRQHandler
                0x00026212                PDM_IRQHandler
                0x00026212                PWM1_IRQHandler
                0x00026212                QDEC_IRQHandler
                0x00026212                TIMER3_IRQHandler
                0x00026212                RTC0_IRQHandler
                0x00026212                SPIM0_SPIS0_TWIM0_TWIS0_SPI0_TWI0_IRQHandler
                0x00026212                TEMP_IRQHandler
                0x00026212                TIMER4_IRQHandler
                0x00026212                I2S_IRQHandler
                0x00026212                SWI4_EGU4_IRQHandler
                0x00026212                TIMER0_IRQHandler
                0x00026212                Dummy_Handler
                0x00026212                TIMER1_IRQHandler
                0x00026212                PWM2_IRQHandler
                0x00026212                ECB_IRQHandler
                0x00026212                SPIM1_SPIS1_TWIM1_TWIS1_SPI1_TWI1_IRQHandler
                0x00026212                SAADC_IRQHandler
                0x00026212                CCM_AAR_IRQHandler
                0x00026212                WDT_IRQHandler
                0x00026212                FPU_IRQHandler
                0x00026212                SWI5_EGU5_IRQHandler
                0x00026212                RNG_IRQHandler
                0x00026212                RTC2_IRQHandler
                0x00026212                PWM0_IRQHandler
                0x00026212                SWI3_EGU3_IRQHandler
                0x00026212                SWI1_EGU1_IRQHandler
                0x00026212                SPIM2_SPIS2_SPI2_IRQHandler
                0x00026212                NFCT_IRQHandler
                0x00026212                TIMER2_IRQHandler
                0x00026212                MWU_IRQHandler
                0x00026212                COMP_LPCOMP_IRQHandler
                0x00026214                nRFInitialize
 .init          0x00026218       0x5c Output/Release/Obj/ble_app_uart_pca10040_s132/ses_startup_nrf_common.o
                0x00026218                Reset_Handler
                0x0002621c                afterInitialize
                0x00026240                InitializeUserMemorySections
 .init          0x00026274      0x170 Output/Release/Obj/ble_app_uart_pca10040_s132/thumb_crt0.o
                0x00026274                _start
                0x00026322                exit
                0x00026322                _Exit
                0x000263e4                        __init_end__ = (__init_start__ + SIZEOF (.init))
                0x000001e4                        __init_size__ = SIZEOF (.init)
                0x000263e4                        __init_load_end__ = __init_end__
                0x00000001                        . = ASSERT (((__init_start__ == __init_end__) || ((__init_end__ - __FLASH1_segment_start__) <= __FLASH1_segment_size__)), error: .init is too large to fit in FLASH1 memory segment)
                0x000263e4                        __init_rodata_load_start__ = ALIGN (__init_end__, 0x4)

.init_rodata    0x000263e4        0x0
                0x000263e4                        __init_rodata_start__ = .
 *(.init_rodata .init_rodata.*)
                0x000263e4                        __init_rodata_end__ = (__init_rodata_start__ + SIZEOF (.init_rodata))
                0x00000000                        __init_rodata_size__ = SIZEOF (.init_rodata)
                0x000263e4                        __init_rodata_load_end__ = __init_rodata_end__
                0x00000001                        . = ASSERT (((__init_rodata_start__ == __init_rodata_end__) || ((__init_rodata_end__ - __FLASH1_segment_start__) <= __FLASH1_segment_size__)), error: .init_rodata is too large to fit in FLASH1 memory segment)
                0x000263e4                        __text_load_start__ = ALIGN (__init_rodata_end__, 0x4)

.text           0x000263e4     0x56bc
                0x000263e4                        __text_start__ = .
 *(.text .text.* .gnu.linkonce.t.* .glue_7t .glue_7 .gcc_except_table .ARM.extab* .gnu.linkonce.armextab.*)
 .glue_7        0x000263e4        0x0 linker stubs
 .glue_7t       0x000263e4        0x0 linker stubs
 .text.sd_ble_gap_adv_stop
                0x000263e4        0x4 Output/Release/Obj/ble_app_uart_pca10040_s132/main.o
 .text.sd_ble_gap_disconnect
                0x000263e8        0x4 Output/Release/Obj/ble_app_uart_pca10040_s132/main.o
 .text.sd_ble_gap_ppcp_set
                0x000263ec        0x4 Output/Release/Obj/ble_app_uart_pca10040_s132/main.o
 .text.sd_ble_gap_device_name_set
                0x000263f0        0x4 Output/Release/Obj/ble_app_uart_pca10040_s132/main.o
 .text.sd_ble_gap_sec_params_reply
                0x000263f4        0x4 Output/Release/Obj/ble_app_uart_pca10040_s132/main.o
 .text.sd_ble_gap_phy_update
                0x000263f8        0x4 Output/Release/Obj/ble_app_uart_pca10040_s132/main.o
 .text.sd_ble_gatts_sys_attr_set
                0x000263fc        0x4 Output/Release/Obj/ble_app_uart_pca10040_s132/main.o
 .text.name_change_timeout_handler
                0x00026400        0x2 Output/Release/Obj/ble_app_uart_pca10040_s132/main.o
 *fill*         0x00026402        0x2 
 .text.gatt_evt_handler
                0x00026404       0x5c Output/Release/Obj/ble_app_uart_pca10040_s132/main.o
                0x00026404                gatt_evt_handler
 .text.nrf_qwr_error_handler
                0x00026460        0x4 Output/Release/Obj/ble_app_uart_pca10040_s132/main.o
 .text.ble_evt_handler
                0x00026464      0x104 Output/Release/Obj/ble_app_uart_pca10040_s132/main.o
 .text.on_conn_params_evt
                0x00026568       0x20 Output/Release/Obj/ble_app_uart_pca10040_s132/main.o
 .text.bsp_event_handler
                0x00026588       0x40 Output/Release/Obj/ble_app_uart_pca10040_s132/main.o
                0x00026588                bsp_event_handler
 .text.nus_data_handler
                0x000265c8       0x88 Output/Release/Obj/ble_app_uart_pca10040_s132/main.o
 .text.conn_params_error_handler
                0x00026650        0x4 Output/Release/Obj/ble_app_uart_pca10040_s132/main.o
 .text.gatt_init
                0x00026654       0x30 Output/Release/Obj/ble_app_uart_pca10040_s132/main.o
                0x00026654                gatt_init
 .text.advertising_init
                0x00026684       0x60 Output/Release/Obj/ble_app_uart_pca10040_s132/main.o
                0x00026684                advertising_init
 .text.advertising_start
                0x000266e4       0x1c Output/Release/Obj/ble_app_uart_pca10040_s132/main.o
                0x000266e4                advertising_start
 .text.devicenamechange
                0x00026700       0xa4 Output/Release/Obj/ble_app_uart_pca10040_s132/main.o
                0x00026700                devicenamechange
 .text.uart_event_handle
                0x000267a4       0xc4 Output/Release/Obj/ble_app_uart_pca10040_s132/main.o
                0x000267a4                uart_event_handle
 .text.on_adv_evt
                0x00026868       0x22 Output/Release/Obj/ble_app_uart_pca10040_s132/main.o
 *fill*         0x0002688a        0x2 
 .text.startup.main
                0x0002688c      0x1d4 Output/Release/Obj/ble_app_uart_pca10040_s132/main.o
                0x0002688c                main
 .text.bsp_board_led_state_get
                0x00026a60       0x1c Output/Release/Obj/ble_app_uart_pca10040_s132/boards.o
                0x00026a60                bsp_board_led_state_get
 .text.bsp_board_led_on
                0x00026a7c       0x18 Output/Release/Obj/ble_app_uart_pca10040_s132/boards.o
                0x00026a7c                bsp_board_led_on
 .text.bsp_board_led_off
                0x00026a94       0x18 Output/Release/Obj/ble_app_uart_pca10040_s132/boards.o
                0x00026a94                bsp_board_led_off
 .text.bsp_board_leds_off
                0x00026aac       0x1e Output/Release/Obj/ble_app_uart_pca10040_s132/boards.o
                0x00026aac                bsp_board_leds_off
 .text.bsp_board_leds_on
                0x00026aca       0x1e Output/Release/Obj/ble_app_uart_pca10040_s132/boards.o
                0x00026aca                bsp_board_leds_on
 .text.bsp_board_led_invert
                0x00026ae8       0x24 Output/Release/Obj/ble_app_uart_pca10040_s132/boards.o
                0x00026ae8                bsp_board_led_invert
 .text.bsp_board_button_state_get
                0x00026b0c       0x1c Output/Release/Obj/ble_app_uart_pca10040_s132/boards.o
                0x00026b0c                bsp_board_button_state_get
 .text.bsp_board_pin_to_button_idx
                0x00026b28       0x24 Output/Release/Obj/ble_app_uart_pca10040_s132/boards.o
                0x00026b28                bsp_board_pin_to_button_idx
 .text.bsp_board_init
                0x00026b4c       0x3e Output/Release/Obj/ble_app_uart_pca10040_s132/boards.o
                0x00026b4c                bsp_board_init
 .text.alert_timer_handler
                0x00026b8a        0x6 Output/Release/Obj/ble_app_uart_pca10040_s132/bsp.o
 .text.bsp_button_event_handler
                0x00026b90       0xa0 Output/Release/Obj/ble_app_uart_pca10040_s132/bsp.o
 .text.button_timer_handler
                0x00026c30        0x8 Output/Release/Obj/ble_app_uart_pca10040_s132/bsp.o
 .text.leds_off
                0x00026c38       0x2c Output/Release/Obj/ble_app_uart_pca10040_s132/bsp.o
 .text.bsp_led_indication
                0x00026c64      0x238 Output/Release/Obj/ble_app_uart_pca10040_s132/bsp.o
 .text.leds_timer_handler
                0x00026e9c       0x1c Output/Release/Obj/ble_app_uart_pca10040_s132/bsp.o
 .text.bsp_button_is_pressed
                0x00026eb8        0xc Output/Release/Obj/ble_app_uart_pca10040_s132/bsp.o
                0x00026eb8                bsp_button_is_pressed
 .text.bsp_indication_set
                0x00026ec4       0x18 Output/Release/Obj/ble_app_uart_pca10040_s132/bsp.o
                0x00026ec4                bsp_indication_set
 .text.bsp_init
                0x00026edc       0x9c Output/Release/Obj/ble_app_uart_pca10040_s132/bsp.o
                0x00026edc                bsp_init
 .text.bsp_event_to_button_action_assign
                0x00026f78       0x4c Output/Release/Obj/ble_app_uart_pca10040_s132/bsp.o
                0x00026f78                bsp_event_to_button_action_assign
 .text.advertising_buttons_configure
                0x00026fc4       0x36 Output/Release/Obj/ble_app_uart_pca10040_s132/bsp_btn_ble.o
 *fill*         0x00026ffa        0x2 
 .text.ble_evt_handler
                0x00026ffc       0x7c Output/Release/Obj/ble_app_uart_pca10040_s132/bsp_btn_ble.o
 .text.bsp_btn_ble_init
                0x00027078       0x40 Output/Release/Obj/ble_app_uart_pca10040_s132/bsp_btn_ble.o
                0x00027078                bsp_btn_ble_init
 .text.nrf52_errata_12
                0x000270b8       0x1c Output/Release/Obj/ble_app_uart_pca10040_s132/system_nrf52.o
 .text.nrf52_errata_16
                0x000270d4       0x22 Output/Release/Obj/ble_app_uart_pca10040_s132/system_nrf52.o
 *fill*         0x000270f6        0x2 
 .text.nvmc_wait
                0x000270f8       0x10 Output/Release/Obj/ble_app_uart_pca10040_s132/system_nrf52.o
                0x000270f8                nvmc_wait
 .text.SystemInit
                0x00027108      0x278 Output/Release/Obj/ble_app_uart_pca10040_s132/system_nrf52.o
                0x00027108                SystemInit
 .text.sd_ble_gap_addr_get
                0x00027380        0x4 Output/Release/Obj/ble_app_uart_pca10040_s132/ble_advdata.o
 .text.sd_ble_gap_appearance_get
                0x00027384        0x4 Output/Release/Obj/ble_app_uart_pca10040_s132/ble_advdata.o
 .text.sd_ble_gap_device_name_get
                0x00027388        0x4 Output/Release/Obj/ble_app_uart_pca10040_s132/ble_advdata.o
 .text.sd_ble_uuid_encode
                0x0002738c        0x4 Output/Release/Obj/ble_app_uart_pca10040_s132/ble_advdata.o
 .text.uuid_list_sized_encode
                0x00027390       0xae Output/Release/Obj/ble_app_uart_pca10040_s132/ble_advdata.o
 .text.uuid_list_encode
                0x0002743e       0x38 Output/Release/Obj/ble_app_uart_pca10040_s132/ble_advdata.o
 .text.ble_advdata_encode
                0x00027476      0x38a Output/Release/Obj/ble_app_uart_pca10040_s132/ble_advdata.o
                0x00027476                ble_advdata_encode
 .text.ble_advdata_search
                0x00027800       0x48 Output/Release/Obj/ble_app_uart_pca10040_s132/ble_advdata.o
                0x00027800                ble_advdata_search
 .text.ble_advdata_parse
                0x00027848       0x20 Output/Release/Obj/ble_app_uart_pca10040_s132/ble_advdata.o
                0x00027848                ble_advdata_parse
 .text.sd_ble_gap_adv_set_configure
                0x00027868        0x4 Output/Release/Obj/ble_app_uart_pca10040_s132/ble_advertising.o
 .text.sd_ble_gap_adv_start
                0x0002786c        0x4 Output/Release/Obj/ble_app_uart_pca10040_s132/ble_advertising.o
 .text.sd_ble_gap_adv_stop
                0x00027870        0x4 Output/Release/Obj/ble_app_uart_pca10040_s132/ble_advertising.o
 .text.flags_set
                0x00027874       0x2c Output/Release/Obj/ble_app_uart_pca10040_s132/ble_advertising.o
 .text.ble_advertising_conn_cfg_tag_set
                0x000278a0        0x6 Output/Release/Obj/ble_app_uart_pca10040_s132/ble_advertising.o
                0x000278a0                ble_advertising_conn_cfg_tag_set
 .text.ble_advertising_init
                0x000278a6       0xfa Output/Release/Obj/ble_app_uart_pca10040_s132/ble_advertising.o
                0x000278a6                ble_advertising_init
 .text.ble_advertising_start
                0x000279a0      0x20e Output/Release/Obj/ble_app_uart_pca10040_s132/ble_advertising.o
                0x000279a0                ble_advertising_start
 .text.ble_advertising_on_ble_evt
                0x00027bae       0x6a Output/Release/Obj/ble_app_uart_pca10040_s132/ble_advertising.o
                0x00027bae                ble_advertising_on_ble_evt
 .text.ble_advertising_restart_without_whitelist
                0x00027c18       0x3c Output/Release/Obj/ble_app_uart_pca10040_s132/ble_advertising.o
                0x00027c18                ble_advertising_restart_without_whitelist
 .text.sd_ble_gap_conn_param_update
                0x00027c54        0x4 Output/Release/Obj/ble_app_uart_pca10040_s132/ble_conn_params.o
 .text.sd_ble_gap_disconnect
                0x00027c58        0x4 Output/Release/Obj/ble_app_uart_pca10040_s132/ble_conn_params.o
 .text.sd_ble_gap_ppcp_set
                0x00027c5c        0x4 Output/Release/Obj/ble_app_uart_pca10040_s132/ble_conn_params.o
 .text.sd_ble_gap_ppcp_get
                0x00027c60        0x4 Output/Release/Obj/ble_app_uart_pca10040_s132/ble_conn_params.o
 .text.instance_get
                0x00027c64       0x14 Output/Release/Obj/ble_app_uart_pca10040_s132/ble_conn_params.o
 .text.send_error_evt
                0x00027c78       0x10 Output/Release/Obj/ble_app_uart_pca10040_s132/ble_conn_params.o
 .text.update_timeout_handler
                0x00027c88       0x70 Output/Release/Obj/ble_app_uart_pca10040_s132/ble_conn_params.o
 .text.conn_params_negotiation
                0x00027cf8       0x48 Output/Release/Obj/ble_app_uart_pca10040_s132/ble_conn_params.o
 .text.is_conn_params_ok.constprop.0
                0x00027d40       0x32 Output/Release/Obj/ble_app_uart_pca10040_s132/ble_conn_params.o
 *fill*         0x00027d72        0x2 
 .text.ble_evt_handler
                0x00027d74       0xe0 Output/Release/Obj/ble_app_uart_pca10040_s132/ble_conn_params.o
 .text.ble_conn_params_init
                0x00027e54       0x74 Output/Release/Obj/ble_app_uart_pca10040_s132/ble_conn_params.o
                0x00027e54                ble_conn_params_init
 .text.flag_toggle
                0x00027ec8        0xa Output/Release/Obj/ble_app_uart_pca10040_s132/ble_conn_state.o
 .text.conn_handle_list_get
                0x00027ed2       0x2e Output/Release/Obj/ble_app_uart_pca10040_s132/ble_conn_state.o
                0x00027ed2                conn_handle_list_get
 .text.ble_evt_handler
                0x00027f00      0x110 Output/Release/Obj/ble_app_uart_pca10040_s132/ble_conn_state.o
 .text.ble_conn_state_valid
                0x00028010       0x14 Output/Release/Obj/ble_app_uart_pca10040_s132/ble_conn_state.o
                0x00028010                ble_conn_state_valid
 .text.ble_conn_state_conn_idx
                0x00028024       0x12 Output/Release/Obj/ble_app_uart_pca10040_s132/ble_conn_state.o
                0x00028024                ble_conn_state_conn_idx
 .text.blcm_link_ctx_get
                0x00028036       0x4e Output/Release/Obj/ble_app_uart_pca10040_s132/ble_link_ctx_manager.o
                0x00028036                blcm_link_ctx_get
 .text.sd_ble_gatts_characteristic_add
                0x00028084        0x4 Output/Release/Obj/ble_app_uart_pca10040_s132/ble_srv_common.o
 .text.set_security_req
                0x00028088       0x2a Output/Release/Obj/ble_app_uart_pca10040_s132/ble_srv_common.o
 .text.ble_srv_is_notification_enabled
                0x000280b2        0x8 Output/Release/Obj/ble_app_uart_pca10040_s132/ble_srv_common.o
                0x000280b2                ble_srv_is_notification_enabled
 .text.characteristic_add
                0x000280ba      0x13c Output/Release/Obj/ble_app_uart_pca10040_s132/ble_srv_common.o
                0x000280ba                characteristic_add
 .text.sd_ble_gap_data_length_update
                0x000281f6        0x4 Output/Release/Obj/ble_app_uart_pca10040_s132/nrf_ble_gatt.o
 .text.sd_ble_gattc_exchange_mtu_request
                0x000281fa        0x4 Output/Release/Obj/ble_app_uart_pca10040_s132/nrf_ble_gatt.o
 .text.sd_ble_gatts_exchange_mtu_reply
                0x000281fe        0x4 Output/Release/Obj/ble_app_uart_pca10040_s132/nrf_ble_gatt.o
 *fill*         0x00028202        0x2 
 .text.data_length_update
                0x00028204       0x94 Output/Release/Obj/ble_app_uart_pca10040_s132/nrf_ble_gatt.o
 .text.nrf_ble_gatt_init
                0x00028298       0x2a Output/Release/Obj/ble_app_uart_pca10040_s132/nrf_ble_gatt.o
                0x00028298                nrf_ble_gatt_init
 .text.nrf_ble_gatt_att_mtu_periph_set
                0x000282c2       0x1a Output/Release/Obj/ble_app_uart_pca10040_s132/nrf_ble_gatt.o
                0x000282c2                nrf_ble_gatt_att_mtu_periph_set
 .text.nrf_ble_gatt_on_ble_evt
                0x000282dc      0x2b4 Output/Release/Obj/ble_app_uart_pca10040_s132/nrf_ble_gatt.o
                0x000282dc                nrf_ble_gatt_on_ble_evt
 .text.sd_ble_gatts_rw_authorize_reply
                0x00028590        0x4 Output/Release/Obj/ble_app_uart_pca10040_s132/nrf_ble_qwr.o
 .text.sd_ble_user_mem_reply
                0x00028594        0x4 Output/Release/Obj/ble_app_uart_pca10040_s132/nrf_ble_qwr.o
 .text.user_mem_reply.part.0
                0x00028598       0x24 Output/Release/Obj/ble_app_uart_pca10040_s132/nrf_ble_qwr.o
 .text.nrf_ble_qwr_init
                0x000285bc       0x24 Output/Release/Obj/ble_app_uart_pca10040_s132/nrf_ble_qwr.o
                0x000285bc                nrf_ble_qwr_init
 .text.nrf_ble_qwr_conn_handle_assign
                0x000285e0       0x16 Output/Release/Obj/ble_app_uart_pca10040_s132/nrf_ble_qwr.o
                0x000285e0                nrf_ble_qwr_conn_handle_assign
 .text.nrf_ble_qwr_on_ble_evt
                0x000285f6       0xa6 Output/Release/Obj/ble_app_uart_pca10040_s132/nrf_ble_qwr.o
                0x000285f6                nrf_ble_qwr_on_ble_evt
 .text.sd_ble_gatts_service_add
                0x0002869c        0x4 Output/Release/Obj/ble_app_uart_pca10040_s132/ble_nus.o
 .text.sd_ble_gatts_value_get
                0x000286a0        0x4 Output/Release/Obj/ble_app_uart_pca10040_s132/ble_nus.o
 .text.sd_ble_gatts_hvx
                0x000286a4        0x4 Output/Release/Obj/ble_app_uart_pca10040_s132/ble_nus.o
 .text.sd_ble_uuid_vs_add
                0x000286a8        0x4 Output/Release/Obj/ble_app_uart_pca10040_s132/ble_nus.o
 .text.ble_nus_on_ble_evt
                0x000286ac      0x12c Output/Release/Obj/ble_app_uart_pca10040_s132/ble_nus.o
                0x000286ac                ble_nus_on_ble_evt
 .text.ble_nus_init
                0x000287d8       0xf8 Output/Release/Obj/ble_app_uart_pca10040_s132/ble_nus.o
                0x000287d8                ble_nus_init
 .text.ble_nus_data_send
                0x000288d0       0x66 Output/Release/Obj/ble_app_uart_pca10040_s132/ble_nus.o
                0x000288d0                ble_nus_data_send
 *fill*         0x00028936        0x2 
 .text.clock_clk_started_notify
                0x00028938       0x24 Output/Release/Obj/ble_app_uart_pca10040_s132/nrf_drv_clock.o
 .text.clock_irq_handler
                0x0002895c       0x1c Output/Release/Obj/ble_app_uart_pca10040_s132/nrf_drv_clock.o
 .text.soc_evt_handler
                0x00028978       0x14 Output/Release/Obj/ble_app_uart_pca10040_s132/nrf_drv_clock.o
 .text.nrf_drv_clock_init
                0x0002898c       0x48 Output/Release/Obj/ble_app_uart_pca10040_s132/nrf_drv_clock.o
                0x0002898c                nrf_drv_clock_init
 .text.nrf_drv_clock_lfclk_release
                0x000289d4       0x40 Output/Release/Obj/ble_app_uart_pca10040_s132/nrf_drv_clock.o
                0x000289d4                nrf_drv_clock_lfclk_release
 .text.sd_state_evt_handler
                0x00028a14       0x64 Output/Release/Obj/ble_app_uart_pca10040_s132/nrf_drv_clock.o
 .text.uarte_evt_handler
                0x00028a78       0x34 Output/Release/Obj/ble_app_uart_pca10040_s132/nrf_drv_uart.o
 .text.uart_evt_handler
                0x00028aac       0x34 Output/Release/Obj/ble_app_uart_pca10040_s132/nrf_drv_uart.o
 .text.nrf_drv_uart_init
                0x00028ae0       0x7c Output/Release/Obj/ble_app_uart_pca10040_s132/nrf_drv_uart.o
                0x00028ae0                nrf_drv_uart_init
 .text.nrf_clock_event_clear
                0x00028b5c       0x14 Output/Release/Obj/ble_app_uart_pca10040_s132/nrfx_clock.o
 .text.nrfx_clock_init
                0x00028b70       0x18 Output/Release/Obj/ble_app_uart_pca10040_s132/nrfx_clock.o
                0x00028b70                nrfx_clock_init
 .text.nrfx_clock_enable
                0x00028b88       0x24 Output/Release/Obj/ble_app_uart_pca10040_s132/nrfx_clock.o
                0x00028b88                nrfx_clock_enable
 .text.nrfx_clock_lfclk_stop
                0x00028bac       0x22 Output/Release/Obj/ble_app_uart_pca10040_s132/nrfx_clock.o
                0x00028bac                nrfx_clock_lfclk_stop
 *fill*         0x00028bce        0x2 
 .text.POWER_CLOCK_IRQHandler
                0x00028bd0       0x50 Output/Release/Obj/ble_app_uart_pca10040_s132/nrfx_clock.o
                0x00028bd0                POWER_CLOCK_IRQHandler
 .text.nrf_gpiote_event_clear
                0x00028c20       0x18 Output/Release/Obj/ble_app_uart_pca10040_s132/nrfx_gpiote.o
 .text.nrf_gpio_cfg_sense_set
                0x00028c38       0x20 Output/Release/Obj/ble_app_uart_pca10040_s132/nrfx_gpiote.o
 .text.channel_free
                0x00028c58       0x1c Output/Release/Obj/ble_app_uart_pca10040_s132/nrfx_gpiote.o
 .text.nrfx_gpiote_init
                0x00028c74       0x74 Output/Release/Obj/ble_app_uart_pca10040_s132/nrfx_gpiote.o
                0x00028c74                nrfx_gpiote_init
 .text.nrfx_gpiote_is_init
                0x00028ce8       0x14 Output/Release/Obj/ble_app_uart_pca10040_s132/nrfx_gpiote.o
                0x00028ce8                nrfx_gpiote_is_init
 .text.nrfx_gpiote_in_init
                0x00028cfc       0xf8 Output/Release/Obj/ble_app_uart_pca10040_s132/nrfx_gpiote.o
                0x00028cfc                nrfx_gpiote_in_init
 .text.nrfx_gpiote_in_event_enable
                0x00028df4       0x80 Output/Release/Obj/ble_app_uart_pca10040_s132/nrfx_gpiote.o
                0x00028df4                nrfx_gpiote_in_event_enable
 .text.nrfx_gpiote_in_is_set
                0x00028e74       0x12 Output/Release/Obj/ble_app_uart_pca10040_s132/nrfx_gpiote.o
                0x00028e74                nrfx_gpiote_in_is_set
 *fill*         0x00028e86        0x2 
 .text.GPIOTE_IRQHandler
                0x00028e88      0x14c Output/Release/Obj/ble_app_uart_pca10040_s132/nrfx_gpiote.o
                0x00028e88                GPIOTE_IRQHandler
 .text.UARTE0_UART0_IRQHandler
                0x00028fd4        0xc Output/Release/Obj/ble_app_uart_pca10040_s132/nrfx_prs.o
                0x00028fd4                UARTE0_UART0_IRQHandler
 .text.nrfx_prs_acquire
                0x00028fe0       0x40 Output/Release/Obj/ble_app_uart_pca10040_s132/nrfx_prs.o
                0x00028fe0                nrfx_prs_acquire
 .text.nrf_uart_event_clear
                0x00029020       0x10 Output/Release/Obj/ble_app_uart_pca10040_s132/nrfx_uart.o
 .text.tx_byte  0x00029030       0x1e Output/Release/Obj/ble_app_uart_pca10040_s132/nrfx_uart.o
 .text.rx_byte  0x0002904e       0x2c Output/Release/Obj/ble_app_uart_pca10040_s132/nrfx_uart.o
 *fill*         0x0002907a        0x2 
 .text.rx_done_event.constprop.0
                0x0002907c       0x20 Output/Release/Obj/ble_app_uart_pca10040_s132/nrfx_uart.o
 .text.rx_enable.isra.0
                0x0002909c       0x18 Output/Release/Obj/ble_app_uart_pca10040_s132/nrfx_uart.o
 .text.nrfx_uart_0_irq_handler
                0x000290b4      0x140 Output/Release/Obj/ble_app_uart_pca10040_s132/nrfx_uart.o
                0x000290b4                nrfx_uart_0_irq_handler
 .text.nrfx_uart_init
                0x000291f4      0x164 Output/Release/Obj/ble_app_uart_pca10040_s132/nrfx_uart.o
                0x000291f4                nrfx_uart_init
 .text.nrfx_uart_tx_in_progress
                0x00029358       0x18 Output/Release/Obj/ble_app_uart_pca10040_s132/nrfx_uart.o
                0x00029358                nrfx_uart_tx_in_progress
 .text.nrfx_uart_tx
                0x00029370       0x98 Output/Release/Obj/ble_app_uart_pca10040_s132/nrfx_uart.o
                0x00029370                nrfx_uart_tx
 .text.nrfx_uart_rx
                0x00029408       0xe8 Output/Release/Obj/ble_app_uart_pca10040_s132/nrfx_uart.o
                0x00029408                nrfx_uart_rx
 .text.nrf_uarte_event_clear
                0x000294f0       0x10 Output/Release/Obj/ble_app_uart_pca10040_s132/nrfx_uarte.o
 .text.rx_done_event.constprop.0
                0x00029500       0x20 Output/Release/Obj/ble_app_uart_pca10040_s132/nrfx_uarte.o
 .text.nrfx_uarte_0_irq_handler
                0x00029520      0x118 Output/Release/Obj/ble_app_uart_pca10040_s132/nrfx_uarte.o
                0x00029520                nrfx_uarte_0_irq_handler
 .text.nrfx_uarte_init
                0x00029638      0x178 Output/Release/Obj/ble_app_uart_pca10040_s132/nrfx_uarte.o
                0x00029638                nrfx_uarte_init
 .text.nrfx_uarte_tx_in_progress
                0x000297b0       0x18 Output/Release/Obj/ble_app_uart_pca10040_s132/nrfx_uarte.o
                0x000297b0                nrfx_uarte_tx_in_progress
 .text.nrfx_uarte_tx
                0x000297c8       0x94 Output/Release/Obj/ble_app_uart_pca10040_s132/nrfx_uarte.o
                0x000297c8                nrfx_uarte_tx
 .text.nrfx_uarte_rx
                0x0002985c       0xe8 Output/Release/Obj/ble_app_uart_pca10040_s132/nrfx_uarte.o
                0x0002985c                nrfx_uarte_rx
 .text.state_set
                0x00029944       0x24 Output/Release/Obj/ble_app_uart_pca10040_s132/app_button.o
 .text.button_get
                0x00029968       0x30 Output/Release/Obj/ble_app_uart_pca10040_s132/app_button.o
 .text.usr_event
                0x00029998       0x1c Output/Release/Obj/ble_app_uart_pca10040_s132/app_button.o
 .text.timer_start
                0x000299b4       0x18 Output/Release/Obj/ble_app_uart_pca10040_s132/app_button.o
 .text.gpiote_event_handler
                0x000299cc       0x34 Output/Release/Obj/ble_app_uart_pca10040_s132/app_button.o
 .text.evt_handle
                0x00029a00       0xec Output/Release/Obj/ble_app_uart_pca10040_s132/app_button.o
                0x00029a00                evt_handle
 .text.detection_delay_timeout_handler
                0x00029aec       0x5c Output/Release/Obj/ble_app_uart_pca10040_s132/app_button.o
 .text.app_button_init
                0x00029b48       0xb0 Output/Release/Obj/ble_app_uart_pca10040_s132/app_button.o
                0x00029b48                app_button_init
 .text.app_button_enable
                0x00029bf8       0x2c Output/Release/Obj/ble_app_uart_pca10040_s132/app_button.o
                0x00029bf8                app_button_enable
 .text.app_error_handler_bare
                0x00029c24       0x1a Output/Release/Obj/ble_app_uart_pca10040_s132/app_error.o
                0x00029c24                app_error_handler_bare
 *fill*         0x00029c3e        0x2 
 .text.app_error_fault_handler
                0x00029c40       0x6c Output/Release/Obj/ble_app_uart_pca10040_s132/app_error_weak.o
                0x00029c40                app_error_fault_handler
 .text.app_fifo_init
                0x00029cac       0x22 Output/Release/Obj/ble_app_uart_pca10040_s132/app_fifo.o
                0x00029cac                app_fifo_init
 .text.app_fifo_put
                0x00029cce       0x24 Output/Release/Obj/ble_app_uart_pca10040_s132/app_fifo.o
                0x00029cce                app_fifo_put
 .text.app_fifo_get
                0x00029cf2       0x22 Output/Release/Obj/ble_app_uart_pca10040_s132/app_fifo.o
                0x00029cf2                app_fifo_get
 .text.compare_func
                0x00029d14       0x16 Output/Release/Obj/ble_app_uart_pca10040_s132/app_timer2.o
 *fill*         0x00029d2a        0x2 
 .text.get_now  0x00029d2c       0x38 Output/Release/Obj/ble_app_uart_pca10040_s132/app_timer2.o
 .text.timer_expire
                0x00029d64       0xb0 Output/Release/Obj/ble_app_uart_pca10040_s132/app_timer2.o
 .text.timer_req_schedule
                0x00029e14       0x38 Output/Release/Obj/ble_app_uart_pca10040_s132/app_timer2.o
 .text.app_timer_init
                0x00029e4c       0x64 Output/Release/Obj/ble_app_uart_pca10040_s132/app_timer2.o
                0x00029e4c                app_timer_init
 .text.app_timer_create
                0x00029eb0       0x24 Output/Release/Obj/ble_app_uart_pca10040_s132/app_timer2.o
                0x00029eb0                app_timer_create
 .text.app_timer_start
                0x00029ed4       0x5c Output/Release/Obj/ble_app_uart_pca10040_s132/app_timer2.o
                0x00029ed4                app_timer_start
 .text.app_timer_stop
                0x00029f30       0x4e Output/Release/Obj/ble_app_uart_pca10040_s132/app_timer2.o
                0x00029f30                app_timer_stop
 *fill*         0x00029f7e        0x2 
 .text.app_timer_cnt_get
                0x00029f80        0xc Output/Release/Obj/ble_app_uart_pca10040_s132/app_timer2.o
                0x00029f80                app_timer_cnt_get
 .text.rtc_irq  0x00029f8c      0x1b8 Output/Release/Obj/ble_app_uart_pca10040_s132/app_timer2.o
 .text.nrf_drv_uart_rx.constprop.0
                0x0002a144       0x28 Output/Release/Obj/ble_app_uart_pca10040_s132/app_uart_fifo.o
 .text.nrf_drv_uart_tx.constprop.0
                0x0002a16c       0x28 Output/Release/Obj/ble_app_uart_pca10040_s132/app_uart_fifo.o
 .text.uart_event_handler
                0x0002a194       0xa4 Output/Release/Obj/ble_app_uart_pca10040_s132/app_uart_fifo.o
 .text.app_uart_init
                0x0002a238       0xb0 Output/Release/Obj/ble_app_uart_pca10040_s132/app_uart_fifo.o
                0x0002a238                app_uart_init
 .text.app_uart_get
                0x0002a2e8       0x2c Output/Release/Obj/ble_app_uart_pca10040_s132/app_uart_fifo.o
                0x0002a2e8                app_uart_get
 .text.app_uart_put
                0x0002a314       0x50 Output/Release/Obj/ble_app_uart_pca10040_s132/app_uart_fifo.o
                0x0002a314                app_uart_put
 .text.app_util_critical_region_enter
                0x0002a364       0x48 Output/Release/Obj/ble_app_uart_pca10040_s132/app_util_platform.o
                0x0002a364                app_util_critical_region_enter
 .text.app_util_critical_region_exit
                0x0002a3ac       0x2c Output/Release/Obj/ble_app_uart_pca10040_s132/app_util_platform.o
                0x0002a3ac                app_util_critical_region_exit
 .text.evt_pending.isra.0
                0x0002a3d8       0x18 Output/Release/Obj/ble_app_uart_pca10040_s132/drv_rtc.o
 .text.drv_rtc_init
                0x0002a3f0       0xa4 Output/Release/Obj/ble_app_uart_pca10040_s132/drv_rtc.o
                0x0002a3f0                drv_rtc_init
 .text.drv_rtc_start
                0x0002a494        0x8 Output/Release/Obj/ble_app_uart_pca10040_s132/drv_rtc.o
                0x0002a494                drv_rtc_start
 .text.drv_rtc_stop
                0x0002a49c        0x8 Output/Release/Obj/ble_app_uart_pca10040_s132/drv_rtc.o
                0x0002a49c                drv_rtc_stop
 .text.drv_rtc_compare_set
                0x0002a4a4       0x3e Output/Release/Obj/ble_app_uart_pca10040_s132/drv_rtc.o
                0x0002a4a4                drv_rtc_compare_set
 *fill*         0x0002a4e2        0x2 
 .text.drv_rtc_windowed_compare_set
                0x0002a4e4       0xf0 Output/Release/Obj/ble_app_uart_pca10040_s132/drv_rtc.o
                0x0002a4e4                drv_rtc_windowed_compare_set
 .text.drv_rtc_overflow_enable
                0x0002a5d4       0x10 Output/Release/Obj/ble_app_uart_pca10040_s132/drv_rtc.o
                0x0002a5d4                drv_rtc_overflow_enable
 .text.drv_rtc_overflow_pending
                0x0002a5e4        0xa Output/Release/Obj/ble_app_uart_pca10040_s132/drv_rtc.o
                0x0002a5e4                drv_rtc_overflow_pending
 .text.drv_rtc_compare_disable
                0x0002a5ee       0x14 Output/Release/Obj/ble_app_uart_pca10040_s132/drv_rtc.o
                0x0002a5ee                drv_rtc_compare_disable
 .text.drv_rtc_compare_pending
                0x0002a602        0xc Output/Release/Obj/ble_app_uart_pca10040_s132/drv_rtc.o
                0x0002a602                drv_rtc_compare_pending
 .text.drv_rtc_counter_get
                0x0002a60e        0x8 Output/Release/Obj/ble_app_uart_pca10040_s132/drv_rtc.o
                0x0002a60e                drv_rtc_counter_get
 *fill*         0x0002a616        0x2 
 .text.drv_rtc_irq_trigger
                0x0002a618       0x24 Output/Release/Obj/ble_app_uart_pca10040_s132/drv_rtc.o
                0x0002a618                drv_rtc_irq_trigger
 .text.RTC1_IRQHandler
                0x0002a63c       0x14 Output/Release/Obj/ble_app_uart_pca10040_s132/drv_rtc.o
                0x0002a63c                RTC1_IRQHandler
 .text.nrf_atfifo_init
                0x0002a650       0x26 Output/Release/Obj/ble_app_uart_pca10040_s132/nrf_atfifo.o
                0x0002a650                nrf_atfifo_init
 .text.nrf_atfifo_item_alloc
                0x0002a676       0x54 Output/Release/Obj/ble_app_uart_pca10040_s132/nrf_atfifo.o
                0x0002a676                nrf_atfifo_item_alloc
 .text.nrf_atfifo_item_put
                0x0002a6ca       0x20 Output/Release/Obj/ble_app_uart_pca10040_s132/nrf_atfifo.o
                0x0002a6ca                nrf_atfifo_item_put
 .text.nrf_atfifo_item_get
                0x0002a6ea       0x56 Output/Release/Obj/ble_app_uart_pca10040_s132/nrf_atfifo.o
                0x0002a6ea                nrf_atfifo_item_get
 .text.nrf_atfifo_item_free
                0x0002a740       0x20 Output/Release/Obj/ble_app_uart_pca10040_s132/nrf_atfifo.o
                0x0002a740                nrf_atfifo_item_free
 .text.nrf_atflags_set
                0x0002a760       0x12 Output/Release/Obj/ble_app_uart_pca10040_s132/nrf_atflags.o
                0x0002a760                nrf_atflags_set
 .text.nrf_atflags_clear
                0x0002a772       0x14 Output/Release/Obj/ble_app_uart_pca10040_s132/nrf_atflags.o
                0x0002a772                nrf_atflags_clear
 .text.nrf_atflags_get
                0x0002a786       0x12 Output/Release/Obj/ble_app_uart_pca10040_s132/nrf_atflags.o
                0x0002a786                nrf_atflags_get
 .text.nrf_atomic_u32_fetch_store
                0x0002a798       0x16 Output/Release/Obj/ble_app_uart_pca10040_s132/nrf_atomic.o
                0x0002a798                nrf_atomic_u32_fetch_store
 .text.nrf_atomic_u32_or
                0x0002a7ae       0x18 Output/Release/Obj/ble_app_uart_pca10040_s132/nrf_atomic.o
                0x0002a7ae                nrf_atomic_u32_or
 .text.nrf_atomic_u32_fetch_and
                0x0002a7c6       0x18 Output/Release/Obj/ble_app_uart_pca10040_s132/nrf_atomic.o
                0x0002a7c6                nrf_atomic_u32_fetch_and
 .text.nrf_atomic_u32_and
                0x0002a7de       0x18 Output/Release/Obj/ble_app_uart_pca10040_s132/nrf_atomic.o
                0x0002a7de                nrf_atomic_u32_and
 .text.nrf_atomic_u32_add
                0x0002a7f6       0x18 Output/Release/Obj/ble_app_uart_pca10040_s132/nrf_atomic.o
                0x0002a7f6                nrf_atomic_u32_add
 .text.nrf_atomic_u32_sub
                0x0002a80e       0x18 Output/Release/Obj/ble_app_uart_pca10040_s132/nrf_atomic.o
                0x0002a80e                nrf_atomic_u32_sub
 .text.nrf_atomic_flag_set
                0x0002a826        0x6 Output/Release/Obj/ble_app_uart_pca10040_s132/nrf_atomic.o
                0x0002a826                nrf_atomic_flag_set
 .text.nrf_atomic_flag_clear_fetch
                0x0002a82c        0x6 Output/Release/Obj/ble_app_uart_pca10040_s132/nrf_atomic.o
                0x0002a82c                nrf_atomic_flag_clear_fetch
 .text.nrf_balloc_init
                0x0002a832       0x2e Output/Release/Obj/ble_app_uart_pca10040_s132/nrf_balloc.o
                0x0002a832                nrf_balloc_init
 .text.nrf_balloc_alloc
                0x0002a860       0x48 Output/Release/Obj/ble_app_uart_pca10040_s132/nrf_balloc.o
                0x0002a860                nrf_balloc_alloc
 .text.nrf_balloc_free
                0x0002a8a8       0x34 Output/Release/Obj/ble_app_uart_pca10040_s132/nrf_balloc.o
                0x0002a8a8                nrf_balloc_free
 .text.memobj_op
                0x0002a8dc       0x86 Output/Release/Obj/ble_app_uart_pca10040_s132/nrf_memobj.o
 .text.nrf_memobj_pool_init
                0x0002a962        0x4 Output/Release/Obj/ble_app_uart_pca10040_s132/nrf_memobj.o
                0x0002a962                nrf_memobj_pool_init
 .text.nrf_memobj_free
                0x0002a966       0x2c Output/Release/Obj/ble_app_uart_pca10040_s132/nrf_memobj.o
                0x0002a966                nrf_memobj_free
 .text.nrf_memobj_alloc
                0x0002a992       0x58 Output/Release/Obj/ble_app_uart_pca10040_s132/nrf_memobj.o
                0x0002a992                nrf_memobj_alloc
 .text.nrf_memobj_get
                0x0002a9ea        0x8 Output/Release/Obj/ble_app_uart_pca10040_s132/nrf_memobj.o
                0x0002a9ea                nrf_memobj_get
 .text.nrf_memobj_put
                0x0002a9f2       0x1c Output/Release/Obj/ble_app_uart_pca10040_s132/nrf_memobj.o
                0x0002a9f2                nrf_memobj_put
 .text.nrf_memobj_write
                0x0002aa0e       0x14 Output/Release/Obj/ble_app_uart_pca10040_s132/nrf_memobj.o
                0x0002aa0e                nrf_memobj_write
 .text.sd_app_evt_wait
                0x0002aa22        0x4 Output/Release/Obj/ble_app_uart_pca10040_s132/nrf_pwr_mgmt.o
 *fill*         0x0002aa26        0x2 
 .text.nrf_pwr_mgmt_init
                0x0002aa28       0x2c Output/Release/Obj/ble_app_uart_pca10040_s132/nrf_pwr_mgmt.o
                0x0002aa28                nrf_pwr_mgmt_init
 .text.nrf_pwr_mgmt_run
                0x0002aa54       0x50 Output/Release/Obj/ble_app_uart_pca10040_s132/nrf_pwr_mgmt.o
                0x0002aa54                nrf_pwr_mgmt_run
 .text.nrf_ringbuf_init
                0x0002aaa4       0x12 Output/Release/Obj/ble_app_uart_pca10040_s132/nrf_ringbuf.o
                0x0002aaa4                nrf_ringbuf_init
 .text.nrf_section_iter_init
                0x0002aab6       0x10 Output/Release/Obj/ble_app_uart_pca10040_s132/nrf_section_iter.o
                0x0002aab6                nrf_section_iter_init
 .text.nrf_section_iter_next
                0x0002aac6       0x18 Output/Release/Obj/ble_app_uart_pca10040_s132/nrf_section_iter.o
                0x0002aac6                nrf_section_iter_next
 .text.nrf_sortlist_add
                0x0002aade       0x20 Output/Release/Obj/ble_app_uart_pca10040_s132/nrf_sortlist.o
                0x0002aade                nrf_sortlist_add
 .text.nrf_sortlist_pop
                0x0002aafe        0xc Output/Release/Obj/ble_app_uart_pca10040_s132/nrf_sortlist.o
                0x0002aafe                nrf_sortlist_pop
 .text.nrf_sortlist_peek
                0x0002ab0a        0x6 Output/Release/Obj/ble_app_uart_pca10040_s132/nrf_sortlist.o
                0x0002ab0a                nrf_sortlist_peek
 .text.nrf_sortlist_remove
                0x0002ab10       0x1a Output/Release/Obj/ble_app_uart_pca10040_s132/nrf_sortlist.o
                0x0002ab10                nrf_sortlist_remove
 *fill*         0x0002ab2a        0x2 
 .text.nrf_strerror_find
                0x0002ab2c       0x34 Output/Release/Obj/ble_app_uart_pca10040_s132/nrf_strerror.o
                0x0002ab2c                nrf_strerror_find
 .text.nrf_strerror_get
                0x0002ab60       0x14 Output/Release/Obj/ble_app_uart_pca10040_s132/nrf_strerror.o
                0x0002ab60                nrf_strerror_get
 .text.nrf_log_default_backends_init
                0x0002ab74        0x2 Output/Release/Obj/ble_app_uart_pca10040_s132/nrf_log_default_backends.o
                0x0002ab74                nrf_log_default_backends_init
 .text.invalid_packets_omit
                0x0002ab76       0x38 Output/Release/Obj/ble_app_uart_pca10040_s132/nrf_log_frontend.o
 *fill*         0x0002abae        0x2 
 .text.buf_prealloc
                0x0002abb0      0x118 Output/Release/Obj/ble_app_uart_pca10040_s132/nrf_log_frontend.o
 .text.nrf_log_init
                0x0002acc8       0x28 Output/Release/Obj/ble_app_uart_pca10040_s132/nrf_log_frontend.o
                0x0002acc8                nrf_log_init
 .text.log_pending_hook
                0x0002acf0        0x2 Output/Release/Obj/ble_app_uart_pca10040_s132/nrf_log_frontend.o
                0x0002acf0                log_pending_hook
 *fill*         0x0002acf2        0x2 
 .text.buffer_is_empty
                0x0002acf4       0x14 Output/Release/Obj/ble_app_uart_pca10040_s132/nrf_log_frontend.o
                0x0002acf4                buffer_is_empty
 .text.nrf_log_frontend_dequeue
                0x0002ad08      0x1f8 Output/Release/Obj/ble_app_uart_pca10040_s132/nrf_log_frontend.o
                0x0002ad08                nrf_log_frontend_dequeue
 .text.std_n    0x0002af00       0x90 Output/Release/Obj/ble_app_uart_pca10040_s132/nrf_log_frontend.o
 .text.nrf_log_frontend_std_0
                0x0002af90        0x8 Output/Release/Obj/ble_app_uart_pca10040_s132/nrf_log_frontend.o
                0x0002af90                nrf_log_frontend_std_0
 .text.nrf_log_frontend_std_1
                0x0002af98       0x12 Output/Release/Obj/ble_app_uart_pca10040_s132/nrf_log_frontend.o
                0x0002af98                nrf_log_frontend_std_1
 .text.nrf_log_frontend_std_2
                0x0002afaa       0x14 Output/Release/Obj/ble_app_uart_pca10040_s132/nrf_log_frontend.o
                0x0002afaa                nrf_log_frontend_std_2
 .text.nrf_log_frontend_std_3
                0x0002afbe       0x18 Output/Release/Obj/ble_app_uart_pca10040_s132/nrf_log_frontend.o
                0x0002afbe                nrf_log_frontend_std_3
 *fill*         0x0002afd6        0x2 
 .text.nrf_log_frontend_hexdump
                0x0002afd8       0xb4 Output/Release/Obj/ble_app_uart_pca10040_s132/nrf_log_frontend.o
                0x0002afd8                nrf_log_frontend_hexdump
 .text.nrf_log_panic
                0x0002b08c       0x28 Output/Release/Obj/ble_app_uart_pca10040_s132/nrf_log_frontend.o
                0x0002b08c                nrf_log_panic
 .text._GetAvailWriteSpace
                0x0002b0b4       0x12 Output/Release/Obj/ble_app_uart_pca10040_s132/SEGGER_RTT.o
 .text._WriteNoCheck
                0x0002b0c6       0x36 Output/Release/Obj/ble_app_uart_pca10040_s132/SEGGER_RTT.o
 .text._WriteBlocking
                0x0002b0fc       0x54 Output/Release/Obj/ble_app_uart_pca10040_s132/SEGGER_RTT.o
 .text._DoInit  0x0002b150       0x60 Output/Release/Obj/ble_app_uart_pca10040_s132/SEGGER_RTT.o
 .text.SEGGER_RTT_WriteNoLock
                0x0002b1b0       0x58 Output/Release/Obj/ble_app_uart_pca10040_s132/SEGGER_RTT.o
                0x0002b1b0                SEGGER_RTT_WriteNoLock
 .text.SEGGER_RTT_Write
                0x0002b208       0x40 Output/Release/Obj/ble_app_uart_pca10040_s132/SEGGER_RTT.o
                0x0002b208                SEGGER_RTT_Write
 .text.sd_softdevice_enable
                0x0002b248        0x4 Output/Release/Obj/ble_app_uart_pca10040_s132/nrf_sdh.o
 .text.sdh_request_observer_notify
                0x0002b24c       0x70 Output/Release/Obj/ble_app_uart_pca10040_s132/nrf_sdh.o
 .text.sdh_state_observer_notify
                0x0002b2bc       0x4c Output/Release/Obj/ble_app_uart_pca10040_s132/nrf_sdh.o
 .text.softdevices_evt_irq_enable
                0x0002b308       0x38 Output/Release/Obj/ble_app_uart_pca10040_s132/nrf_sdh.o
 .text.nrf_sdh_enable_request
                0x0002b340       0x7c Output/Release/Obj/ble_app_uart_pca10040_s132/nrf_sdh.o
                0x0002b340                nrf_sdh_enable_request
 .text.nrf_sdh_is_enabled
                0x0002b3bc        0xc Output/Release/Obj/ble_app_uart_pca10040_s132/nrf_sdh.o
                0x0002b3bc                nrf_sdh_is_enabled
 .text.nrf_sdh_evts_poll
                0x0002b3c8       0x28 Output/Release/Obj/ble_app_uart_pca10040_s132/nrf_sdh.o
                0x0002b3c8                nrf_sdh_evts_poll
 .text.SWI2_EGU2_IRQHandler
                0x0002b3f0        0x4 Output/Release/Obj/ble_app_uart_pca10040_s132/nrf_sdh.o
                0x0002b3f0                SWI2_EGU2_IRQHandler
 .text.sd_ble_enable
                0x0002b3f4        0x4 Output/Release/Obj/ble_app_uart_pca10040_s132/nrf_sdh_ble.o
 .text.sd_ble_cfg_set
                0x0002b3f8        0x4 Output/Release/Obj/ble_app_uart_pca10040_s132/nrf_sdh_ble.o
 .text.sd_ble_evt_get
                0x0002b3fc        0x4 Output/Release/Obj/ble_app_uart_pca10040_s132/nrf_sdh_ble.o
 .text.nrf_sdh_ble_evts_poll.part.0
                0x0002b400       0x7c Output/Release/Obj/ble_app_uart_pca10040_s132/nrf_sdh_ble.o
 .text.nrf_sdh_ble_evts_poll
                0x0002b47c       0x10 Output/Release/Obj/ble_app_uart_pca10040_s132/nrf_sdh_ble.o
 .text.nrf_sdh_ble_default_cfg_set
                0x0002b48c      0x180 Output/Release/Obj/ble_app_uart_pca10040_s132/nrf_sdh_ble.o
                0x0002b48c                nrf_sdh_ble_default_cfg_set
 .text.nrf_sdh_ble_enable
                0x0002b60c       0xd0 Output/Release/Obj/ble_app_uart_pca10040_s132/nrf_sdh_ble.o
                0x0002b60c                nrf_sdh_ble_enable
 .text.sd_evt_get
                0x0002b6dc        0x4 Output/Release/Obj/ble_app_uart_pca10040_s132/nrf_sdh_soc.o
 .text.nrf_sdh_soc_evts_poll
                0x0002b6e0       0x40 Output/Release/Obj/ble_app_uart_pca10040_s132/nrf_sdh_soc.o
 .text.libc.putchar
                0x0002b720        0xe C:/Program Files/SEGGER/SEGGER Embedded Studio 8.14a/lib/libc_v7em_fpv4_sp_d16_hard_t_le_eabi_balanced.a(fileops.o)
                0x0002b720                putchar
 .text.libc.fputc
                0x0002b72e       0x22 C:/Program Files/SEGGER/SEGGER Embedded Studio 8.14a/lib/libc_v7em_fpv4_sp_d16_hard_t_le_eabi_balanced.a(fileops.o)
                0x0002b72e                fputc
 .text.libc.puts
                0x0002b750       0x32 C:/Program Files/SEGGER/SEGGER Embedded Studio 8.14a/lib/libc_v7em_fpv4_sp_d16_hard_t_le_eabi_balanced.a(fileops.o)
                0x0002b750                puts
 .text.libc.fwrite
                0x0002b782       0x2e C:/Program Files/SEGGER/SEGGER Embedded Studio 8.14a/lib/libc_v7em_fpv4_sp_d16_hard_t_le_eabi_balanced.a(fileops.o)
                0x0002b782                fwrite
 .text.libc.__aeabi_uldivmod
                0x0002b7b0      0x130 C:/Program Files/SEGGER/SEGGER Embedded Studio 8.14a/lib/libc_v7em_fpv4_sp_d16_hard_t_le_eabi_balanced.a(intasmops_arm.o)
                0x0002b7b0                __aeabi_uldivmod
 .text.libc.__SEGGER_RTL_X_file_stat
                0x0002b8e0       0x38 C:/Program Files/SEGGER/SEGGER Embedded Studio 8.14a/lib/prinops_rtt_v7em_fpv4_sp_d16_hard_t_le_eabi_balanced.a(prinops_rtt.o)
                0x0002b8e0                __SEGGER_RTL_X_file_stat
 .text.libc.__SEGGER_RTL_X_file_write
                0x0002b918        0x6 C:/Program Files/SEGGER/SEGGER Embedded Studio 8.14a/lib/prinops_rtt_v7em_fpv4_sp_d16_hard_t_le_eabi_balanced.a(prinops_rtt.o)
                0x0002b918                __SEGGER_RTL_X_file_write
 .text.libc.__SEGGER_RTL_init_heap
                0x0002b91e       0x18 C:/Program Files/SEGGER/SEGGER Embedded Studio 8.14a/lib/heapops_basic_v7em_fpv4_sp_d16_hard_t_le_eabi_balanced.a(heapops_basic.o)
                0x0002b91e                __SEGGER_RTL_init_heap
 .text.libc.memcmp
                0x0002b936       0x4a C:/Program Files/SEGGER/SEGGER Embedded Studio 8.14a/lib/strops_unaligned_v7em_fpv4_sp_d16_hard_t_le_eabi_balanced.a(strops.o)
                0x0002b936                memcmp
 .text.libc.strlen
                0x0002b980       0x2c C:/Program Files/SEGGER/SEGGER Embedded Studio 8.14a/lib/strops_unaligned_v7em_fpv4_sp_d16_hard_t_le_eabi_balanced.a(strops.o)
                0x0002b980                strlen
 .text.libc.strcpy
                0x0002b9ac       0x30 C:/Program Files/SEGGER/SEGGER Embedded Studio 8.14a/lib/strops_unaligned_v7em_fpv4_sp_d16_hard_t_le_eabi_balanced.a(strasmops_arm.o)
                0x0002b9ac                strcpy
 .text.libc.memcpy
                0x0002b9dc       0x5c C:/Program Files/SEGGER/SEGGER Embedded Studio 8.14a/lib/strops_unaligned_v7em_fpv4_sp_d16_hard_t_le_eabi_balanced.a(strasmops_arm.o)
                0x0002b9dc                __aeabi_memcpy
                0x0002b9dc                memcpy
                0x0002b9fa                __aeabi_memcpy8
                0x0002b9fa                __aeabi_memcpy4
 .text.libc.__aeabi_memclr
                0x0002ba38       0x68 C:/Program Files/SEGGER/SEGGER Embedded Studio 8.14a/lib/strops_unaligned_v7em_fpv4_sp_d16_hard_t_le_eabi_balanced.a(strasmops_arm.o)
                0x0002ba38                __aeabi_memclr8
                0x0002ba38                __aeabi_memclr
                0x0002ba38                __aeabi_memclr4
                0x0002ba3a                __aeabi_memset4
                0x0002ba3a                __aeabi_memset8
                0x0002ba3a                __aeabi_memset
                0x0002ba40                memset
                0x0002baa0                        __text_end__ = (__text_start__ + SIZEOF (.text))
                0x000056bc                        __text_size__ = SIZEOF (.text)
                0x0002baa0                        __text_load_end__ = __text_end__

.vfp11_veneer   0x00000000        0x0
 .vfp11_veneer  0x00000000        0x0 linker stubs

.v4_bx          0x00000000        0x0
 .v4_bx         0x00000000        0x0 linker stubs

.iplt           0x00000000        0x0
 .iplt          0x00000000        0x0 Output/Release/Obj/ble_app_uart_pca10040_s132/main.o
                0x00000001                        . = ASSERT (((__text_start__ == __text_end__) || ((__text_end__ - __FLASH1_segment_start__) <= __FLASH1_segment_size__)), error: .text is too large to fit in FLASH1 memory segment)
                0x0002baa0                        __sdh_soc_observers_load_start__ = ALIGN (__text_end__, 0x4)

.sdh_soc_observers
                0x0002baa0        0x8
                0x0002baa0                        __sdh_soc_observers_start__ = .
                0x0002baa0                        __start_sdh_soc_observers = __sdh_soc_observers_start__
 *(SORT_BY_NAME(.sdh_soc_observers*))
 .sdh_soc_observers0
                0x0002baa0        0x8 Output/Release/Obj/ble_app_uart_pca10040_s132/nrf_drv_clock.o
                0x0002baa8                        __sdh_soc_observers_end__ = (__sdh_soc_observers_start__ + SIZEOF (.sdh_soc_observers))
                0x00000008                        __sdh_soc_observers_size__ = SIZEOF (.sdh_soc_observers)
                0x0002baa8                        __stop_sdh_soc_observers = __sdh_soc_observers_end__
                0x0002baa8                        __sdh_soc_observers_load_end__ = __sdh_soc_observers_end__
                0x00000001                        . = ASSERT (((__sdh_soc_observers_start__ == __sdh_soc_observers_end__) || ((__sdh_soc_observers_end__ - __FLASH1_segment_start__) <= __FLASH1_segment_size__)), error: .sdh_soc_observers is too large to fit in FLASH1 memory segment)
                0x0002baa8                        __sdh_ble_observers_load_start__ = ALIGN (__sdh_soc_observers_end__, 0x4)

.sdh_ble_observers
                0x0002baa8       0x40
                0x0002baa8                        __sdh_ble_observers_start__ = .
                0x0002baa8                        __start_sdh_ble_observers = __sdh_ble_observers_start__
 *(SORT_BY_NAME(.sdh_ble_observers*))
 .sdh_ble_observers0
                0x0002baa8        0x8 Output/Release/Obj/ble_app_uart_pca10040_s132/ble_conn_state.o
 .sdh_ble_observers1
                0x0002bab0       0x10 Output/Release/Obj/ble_app_uart_pca10040_s132/main.o
 .sdh_ble_observers1
                0x0002bac0        0x8 Output/Release/Obj/ble_app_uart_pca10040_s132/bsp_btn_ble.o
 .sdh_ble_observers1
                0x0002bac8        0x8 Output/Release/Obj/ble_app_uart_pca10040_s132/ble_conn_params.o
 .sdh_ble_observers2
                0x0002bad0       0x10 Output/Release/Obj/ble_app_uart_pca10040_s132/main.o
 .sdh_ble_observers3
                0x0002bae0        0x8 Output/Release/Obj/ble_app_uart_pca10040_s132/main.o
                0x0002bae8                        __sdh_ble_observers_end__ = (__sdh_ble_observers_start__ + SIZEOF (.sdh_ble_observers))
                0x00000040                        __sdh_ble_observers_size__ = SIZEOF (.sdh_ble_observers)
                0x0002bae8                        __stop_sdh_ble_observers = __sdh_ble_observers_end__
                0x0002bae8                        __sdh_ble_observers_load_end__ = __sdh_ble_observers_end__
                0x00000001                        . = ASSERT (((__sdh_ble_observers_start__ == __sdh_ble_observers_end__) || ((__sdh_ble_observers_end__ - __FLASH1_segment_start__) <= __FLASH1_segment_size__)), error: .sdh_ble_observers is too large to fit in FLASH1 memory segment)
                0x0002bae8                        __pwr_mgmt_data_load_start__ = ALIGN (__sdh_ble_observers_end__, 0x4)

.pwr_mgmt_data  0x0002bae8        0x0
                0x0002bae8                        __pwr_mgmt_data_start__ = .
                0x0002bae8                        __start_pwr_mgmt_data = __pwr_mgmt_data_start__
 *(SORT_BY_NAME(.pwr_mgmt_data*))
                0x0002bae8                        __pwr_mgmt_data_end__ = (__pwr_mgmt_data_start__ + SIZEOF (.pwr_mgmt_data))
                0x00000000                        __pwr_mgmt_data_size__ = SIZEOF (.pwr_mgmt_data)
                0x0002bae8                        __stop_pwr_mgmt_data = __pwr_mgmt_data_end__
                0x0002bae8                        __pwr_mgmt_data_load_end__ = __pwr_mgmt_data_end__
                0x00000001                        . = ASSERT (((__pwr_mgmt_data_start__ == __pwr_mgmt_data_end__) || ((__pwr_mgmt_data_end__ - __FLASH1_segment_start__) <= __FLASH1_segment_size__)), error: .pwr_mgmt_data is too large to fit in FLASH1 memory segment)
                0x0002bae8                        __sdh_req_observers_load_start__ = ALIGN (__pwr_mgmt_data_end__, 0x4)

.sdh_req_observers
                0x0002bae8        0x0
                0x0002bae8                        __sdh_req_observers_start__ = .
                0x0002bae8                        __start_sdh_req_observers = __sdh_req_observers_start__
 *(SORT_BY_NAME(.sdh_req_observers*))
                0x0002bae8                        __sdh_req_observers_end__ = (__sdh_req_observers_start__ + SIZEOF (.sdh_req_observers))
                0x00000000                        __sdh_req_observers_size__ = SIZEOF (.sdh_req_observers)
                0x0002bae8                        __stop_sdh_req_observers = __sdh_req_observers_end__
                0x0002bae8                        __sdh_req_observers_load_end__ = __sdh_req_observers_end__
                0x00000001                        . = ASSERT (((__sdh_req_observers_start__ == __sdh_req_observers_end__) || ((__sdh_req_observers_end__ - __FLASH1_segment_start__) <= __FLASH1_segment_size__)), error: .sdh_req_observers is too large to fit in FLASH1 memory segment)
                0x0002bae8                        __sdh_state_observers_load_start__ = ALIGN (__sdh_req_observers_end__, 0x4)

.sdh_state_observers
                0x0002bae8        0x8
                0x0002bae8                        __sdh_state_observers_start__ = .
                0x0002bae8                        __start_sdh_state_observers = __sdh_state_observers_start__
 *(SORT_BY_NAME(.sdh_state_observers*))
 .sdh_state_observers0
                0x0002bae8        0x8 Output/Release/Obj/ble_app_uart_pca10040_s132/nrf_drv_clock.o
                0x0002baf0                        __sdh_state_observers_end__ = (__sdh_state_observers_start__ + SIZEOF (.sdh_state_observers))
                0x00000008                        __sdh_state_observers_size__ = SIZEOF (.sdh_state_observers)
                0x0002baf0                        __stop_sdh_state_observers = __sdh_state_observers_end__
                0x0002baf0                        __sdh_state_observers_load_end__ = __sdh_state_observers_end__
                0x00000001                        . = ASSERT (((__sdh_state_observers_start__ == __sdh_state_observers_end__) || ((__sdh_state_observers_end__ - __FLASH1_segment_start__) <= __FLASH1_segment_size__)), error: .sdh_state_observers is too large to fit in FLASH1 memory segment)
                0x0002baf0                        __sdh_stack_observers_load_start__ = ALIGN (__sdh_state_observers_end__, 0x4)

.sdh_stack_observers
                0x0002baf0       0x10
                0x0002baf0                        __sdh_stack_observers_start__ = .
                0x0002baf0                        __start_sdh_stack_observers = __sdh_stack_observers_start__
 *(SORT_BY_NAME(.sdh_stack_observers*))
 .sdh_stack_observers0
                0x0002baf0        0x8 Output/Release/Obj/ble_app_uart_pca10040_s132/nrf_sdh_ble.o
 .sdh_stack_observers0
                0x0002baf8        0x8 Output/Release/Obj/ble_app_uart_pca10040_s132/nrf_sdh_soc.o
                0x0002bb00                        __sdh_stack_observers_end__ = (__sdh_stack_observers_start__ + SIZEOF (.sdh_stack_observers))
                0x00000010                        __sdh_stack_observers_size__ = SIZEOF (.sdh_stack_observers)
                0x0002bb00                        __stop_sdh_stack_observers = __sdh_stack_observers_end__
                0x0002bb00                        __sdh_stack_observers_load_end__ = __sdh_stack_observers_end__
                0x00000001                        . = ASSERT (((__sdh_stack_observers_start__ == __sdh_stack_observers_end__) || ((__sdh_stack_observers_end__ - __FLASH1_segment_start__) <= __FLASH1_segment_size__)), error: .sdh_stack_observers is too large to fit in FLASH1 memory segment)
                0x0002bb00                        __nrf_queue_load_start__ = ALIGN (__sdh_stack_observers_end__, 0x4)

.nrf_queue      0x0002bb00        0x0
                0x0002bb00                        __nrf_queue_start__ = .
                0x0002bb00                        __start_nrf_queue = __nrf_queue_start__
 *(.nrf_queue*)
                0x0002bb00                        __nrf_queue_end__ = (__nrf_queue_start__ + SIZEOF (.nrf_queue))
                0x00000000                        __nrf_queue_size__ = SIZEOF (.nrf_queue)
                0x0002bb00                        __stop_nrf_queue = __nrf_queue_end__
                0x0002bb00                        __nrf_queue_load_end__ = __nrf_queue_end__
                0x00000001                        . = ASSERT (((__nrf_queue_start__ == __nrf_queue_end__) || ((__nrf_queue_end__ - __FLASH1_segment_start__) <= __FLASH1_segment_size__)), error: .nrf_queue is too large to fit in FLASH1 memory segment)
                0x0002bb00                        __nrf_balloc_load_start__ = ALIGN (__nrf_queue_end__, 0x4)

.nrf_balloc     0x0002bb00       0x14
                0x0002bb00                        __nrf_balloc_start__ = .
                0x0002bb00                        __start_nrf_balloc = __nrf_balloc_start__
 *(.nrf_balloc*)
 .nrf_balloc    0x0002bb00       0x14 Output/Release/Obj/ble_app_uart_pca10040_s132/nrf_log_frontend.o
                0x0002bb00                log_mempool
                0x0002bb14                        __nrf_balloc_end__ = (__nrf_balloc_start__ + SIZEOF (.nrf_balloc))
                0x00000014                        __nrf_balloc_size__ = SIZEOF (.nrf_balloc)
                0x0002bb14                        __stop_nrf_balloc = __nrf_balloc_end__
                0x0002bb14                        __nrf_balloc_load_end__ = __nrf_balloc_end__
                0x00000001                        . = ASSERT (((__nrf_balloc_start__ == __nrf_balloc_end__) || ((__nrf_balloc_end__ - __FLASH1_segment_start__) <= __FLASH1_segment_size__)), error: .nrf_balloc is too large to fit in FLASH1 memory segment)
                0x0002bb14                        __cli_command_load_start__ = ALIGN (__nrf_balloc_end__, 0x4)

.cli_command    0x0002bb14        0x0
                0x0002bb14                        __cli_command_start__ = .
                0x0002bb14                        __start_cli_command = __cli_command_start__
 *(.cli_command*)
                0x0002bb14                        __cli_command_end__ = (__cli_command_start__ + SIZEOF (.cli_command))
                0x00000000                        __cli_command_size__ = SIZEOF (.cli_command)
                0x0002bb14                        __stop_cli_command = __cli_command_end__
                0x0002bb14                        __cli_command_load_end__ = __cli_command_end__
                0x00000001                        . = ASSERT (((__cli_command_start__ == __cli_command_end__) || ((__cli_command_end__ - __FLASH1_segment_start__) <= __FLASH1_segment_size__)), error: .cli_command is too large to fit in FLASH1 memory segment)
                0x0002bb14                        __crypto_data_load_start__ = ALIGN (__cli_command_end__, 0x4)

.crypto_data    0x0002bb14        0x0
                0x0002bb14                        __crypto_data_start__ = .
                0x0002bb14                        __start_crypto_data = __crypto_data_start__
 *(SORT_BY_NAME(.crypto_data*))
                0x0002bb14                        __crypto_data_end__ = (__crypto_data_start__ + SIZEOF (.crypto_data))
                0x00000000                        __crypto_data_size__ = SIZEOF (.crypto_data)
                0x0002bb14                        __stop_crypto_data = __crypto_data_end__
                0x0002bb14                        __crypto_data_load_end__ = __crypto_data_end__
                0x00000001                        . = ASSERT (((__crypto_data_start__ == __crypto_data_end__) || ((__crypto_data_end__ - __FLASH1_segment_start__) <= __FLASH1_segment_size__)), error: .crypto_data is too large to fit in FLASH1 memory segment)
                0x0002bb14                        __log_const_data_load_start__ = ALIGN (__crypto_data_end__, 0x4)

.log_const_data
                0x0002bb14       0x80
                0x0002bb14                        __log_const_data_start__ = .
                0x0002bb14                        __start_log_const_data = __log_const_data_start__
 *(SORT_BY_NAME(.log_const_data*))
 .log_const_data_CLOCK
                0x0002bb14        0x8 Output/Release/Obj/ble_app_uart_pca10040_s132/nrfx_clock.o
                0x0002bb14                m_nrf_log_CLOCK_logs_data_const
 .log_const_data_GPIOTE
                0x0002bb1c        0x8 Output/Release/Obj/ble_app_uart_pca10040_s132/nrfx_gpiote.o
                0x0002bb1c                m_nrf_log_GPIOTE_logs_data_const
 .log_const_data_PRS
                0x0002bb24        0x8 Output/Release/Obj/ble_app_uart_pca10040_s132/nrfx_prs.o
                0x0002bb24                m_nrf_log_PRS_logs_data_const
 .log_const_data_UART
                0x0002bb2c        0x8 Output/Release/Obj/ble_app_uart_pca10040_s132/nrfx_uart.o
                0x0002bb2c                m_nrf_log_UART_logs_data_const
 .log_const_data_UARTE
                0x0002bb34        0x8 Output/Release/Obj/ble_app_uart_pca10040_s132/nrfx_uarte.o
                0x0002bb34                m_nrf_log_UARTE_logs_data_const
 .log_const_data_app
                0x0002bb3c        0x8 Output/Release/Obj/ble_app_uart_pca10040_s132/nrf_log_frontend.o
                0x0002bb3c                m_nrf_log_app_logs_data_const
 .log_const_data_app_button
                0x0002bb44        0x8 Output/Release/Obj/ble_app_uart_pca10040_s132/app_button.o
                0x0002bb44                m_nrf_log_app_button_logs_data_const
 .log_const_data_app_timer
                0x0002bb4c        0x8 Output/Release/Obj/ble_app_uart_pca10040_s132/app_timer2.o
                0x0002bb4c                m_nrf_log_app_timer_logs_data_const
 .log_const_data_ble_nus
                0x0002bb54        0x8 Output/Release/Obj/ble_app_uart_pca10040_s132/ble_nus.o
                0x0002bb54                m_nrf_log_ble_nus_logs_data_const
 .log_const_data_clock
                0x0002bb5c        0x8 Output/Release/Obj/ble_app_uart_pca10040_s132/nrf_drv_clock.o
                0x0002bb5c                m_nrf_log_clock_logs_data_const
 .log_const_data_nrf_ble_gatt
                0x0002bb64        0x8 Output/Release/Obj/ble_app_uart_pca10040_s132/nrf_ble_gatt.o
                0x0002bb64                m_nrf_log_nrf_ble_gatt_logs_data_const
 .log_const_data_nrf_sdh
                0x0002bb6c        0x8 Output/Release/Obj/ble_app_uart_pca10040_s132/nrf_sdh.o
                0x0002bb6c                m_nrf_log_nrf_sdh_logs_data_const
 .log_const_data_nrf_sdh_ble
                0x0002bb74        0x8 Output/Release/Obj/ble_app_uart_pca10040_s132/nrf_sdh_ble.o
                0x0002bb74                m_nrf_log_nrf_sdh_ble_logs_data_const
 .log_const_data_nrf_sdh_soc
                0x0002bb7c        0x8 Output/Release/Obj/ble_app_uart_pca10040_s132/nrf_sdh_soc.o
                0x0002bb7c                m_nrf_log_nrf_sdh_soc_logs_data_const
 .log_const_data_pwr_mgmt
                0x0002bb84        0x8 Output/Release/Obj/ble_app_uart_pca10040_s132/nrf_pwr_mgmt.o
                0x0002bb84                m_nrf_log_pwr_mgmt_logs_data_const
 .log_const_data_sortlist
                0x0002bb8c        0x8 Output/Release/Obj/ble_app_uart_pca10040_s132/nrf_sortlist.o
                0x0002bb8c                m_nrf_log_sortlist_logs_data_const
                0x0002bb94                        __log_const_data_end__ = (__log_const_data_start__ + SIZEOF (.log_const_data))
                0x00000080                        __log_const_data_size__ = SIZEOF (.log_const_data)
                0x0002bb94                        __stop_log_const_data = __log_const_data_end__
                0x0002bb94                        __log_const_data_load_end__ = __log_const_data_end__
                0x00000001                        . = ASSERT (((__log_const_data_start__ == __log_const_data_end__) || ((__log_const_data_end__ - __FLASH1_segment_start__) <= __FLASH1_segment_size__)), error: .log_const_data is too large to fit in FLASH1 memory segment)
                0x0002bb94                        __log_backends_load_start__ = ALIGN (__log_const_data_end__, 0x4)

.log_backends   0x0002bb94        0x0
                0x0002bb94                        __log_backends_start__ = .
                0x0002bb94                        __start_log_backends = __log_backends_start__
 *(SORT_BY_NAME(.log_backends*))
                0x0002bb94                        __log_backends_end__ = (__log_backends_start__ + SIZEOF (.log_backends))
                0x00000000                        __log_backends_size__ = SIZEOF (.log_backends)
                0x0002bb94                        __stop_log_backends = __log_backends_end__
                0x0002bb94                        __log_backends_load_end__ = __log_backends_end__
                0x00000001                        . = ASSERT (((__log_backends_start__ == __log_backends_end__) || ((__log_backends_end__ - __FLASH1_segment_start__) <= __FLASH1_segment_size__)), error: .log_backends is too large to fit in FLASH1 memory segment)
                0x0002bb94                        __nrf_sections_load_start__ = ALIGN (__log_backends_end__, 0x4)

.nrf_sections   0x0002bb94        0x0
                0x0002bb94                        __nrf_sections_start__ = .
                0x0002bb94                        __start_nrf_sections = __nrf_sections_start__
 *(.nrf_sections .nrf_sections.*)
                0x0002bb94                        __nrf_sections_end__ = (__nrf_sections_start__ + SIZEOF (.nrf_sections))
                0x00000000                        __nrf_sections_size__ = SIZEOF (.nrf_sections)
                0x0002bb94                        __nrf_sections_load_end__ = __nrf_sections_end__
                0x00000001                        . = ASSERT (((__nrf_sections_start__ == __nrf_sections_end__) || ((__nrf_sections_end__ - __FLASH1_segment_start__) <= __FLASH1_segment_size__)), error: .nrf_sections is too large to fit in FLASH1 memory segment)
                0x0002bb94                        __cli_sorted_cmd_ptrs_load_start__ = ALIGN (__nrf_sections_end__, 0x4)

.cli_sorted_cmd_ptrs
                0x20003118        0x0 load address 0x0002bb94
                0x20003118                        __cli_sorted_cmd_ptrs_start__ = .
 *(.cli_sorted_cmd_ptrs*)
                0x20003118                        __cli_sorted_cmd_ptrs_end__ = (__cli_sorted_cmd_ptrs_start__ + SIZEOF (.cli_sorted_cmd_ptrs))
                0x00000000                        __cli_sorted_cmd_ptrs_size__ = SIZEOF (.cli_sorted_cmd_ptrs)
                0x0002bb94                        __cli_sorted_cmd_ptrs_load_end__ = (__cli_sorted_cmd_ptrs_load_start__ + SIZEOF (.cli_sorted_cmd_ptrs))
                0x00000001                        . = ASSERT (((__cli_sorted_cmd_ptrs_load_start__ == __cli_sorted_cmd_ptrs_load_end__) || ((__cli_sorted_cmd_ptrs_load_end__ - __FLASH1_segment_start__) <= __FLASH1_segment_size__)), error: .cli_sorted_cmd_ptrs is too large to fit in FLASH1 memory segment)

.cli_sorted_cmd_ptrs_run
                0x20003118        0x0
                0x20003118                        __cli_sorted_cmd_ptrs_run_start__ = .
                0x20003118                        __start_cli_sorted_cmd_ptrs = __cli_sorted_cmd_ptrs_run_start__
                0x20003118                        __cli_sorted_cmd_ptrs_run_end__ = (__cli_sorted_cmd_ptrs_run_start__ + SIZEOF (.cli_sorted_cmd_ptrs))
                0x00000000                        __cli_sorted_cmd_ptrs_run_size__ = (__cli_sorted_cmd_ptrs_run_end__ - __cli_sorted_cmd_ptrs_run_start__)
                0x20003118                        __stop_cli_sorted_cmd_ptrs = __cli_sorted_cmd_ptrs_run_end__
                0x20003118                        __cli_sorted_cmd_ptrs_run_load_end__ = __cli_sorted_cmd_ptrs_run_end__
                0x00000001                        . = ASSERT (((__cli_sorted_cmd_ptrs_run_start__ == __cli_sorted_cmd_ptrs_run_end__) || ((__cli_sorted_cmd_ptrs_run_end__ - __RAM1_segment_start__) <= __RAM1_segment_size__)), error: .cli_sorted_cmd_ptrs_run is too large to fit in RAM1 memory segment)
                0x0002bb94                        __fs_data_load_start__ = ALIGN ((__cli_sorted_cmd_ptrs_load_start__ + SIZEOF (.cli_sorted_cmd_ptrs)), 0x4)

.fs_data        0x20003118        0x0 load address 0x0002bb94
                0x20003118                        __fs_data_start__ = .
 *(.fs_data*)
                0x20003118                        __fs_data_end__ = (__fs_data_start__ + SIZEOF (.fs_data))
                0x00000000                        __fs_data_size__ = SIZEOF (.fs_data)
                0x0002bb94                        __fs_data_load_end__ = (__fs_data_load_start__ + SIZEOF (.fs_data))
                0x00000001                        . = ASSERT (((__fs_data_load_start__ == __fs_data_load_end__) || ((__fs_data_load_end__ - __FLASH1_segment_start__) <= __FLASH1_segment_size__)), error: .fs_data is too large to fit in FLASH1 memory segment)

.fs_data_run    0x20003118        0x0
                0x20003118                        __fs_data_run_start__ = .
                0x20003118                        __start_fs_data = __fs_data_run_start__
                0x20003118                        __fs_data_run_end__ = (__fs_data_run_start__ + SIZEOF (.fs_data))
                0x00000000                        __fs_data_run_size__ = (__fs_data_run_end__ - __fs_data_run_start__)
                0x20003118                        __stop_fs_data = __fs_data_run_end__
                0x20003118                        __fs_data_run_load_end__ = __fs_data_run_end__
                0x00000001                        . = ASSERT (((__fs_data_run_start__ == __fs_data_run_end__) || ((__fs_data_run_end__ - __RAM1_segment_start__) <= __RAM1_segment_size__)), error: .fs_data_run is too large to fit in RAM1 memory segment)
                0x0002bb94                        __log_dynamic_data_load_start__ = ALIGN ((__fs_data_load_start__ + SIZEOF (.fs_data)), 0x4)

.log_dynamic_data
                0x20003118        0x0 load address 0x0002bb94
                0x20003118                        __log_dynamic_data_start__ = .
 *(SORT_BY_NAME(.log_dynamic_data*))
                0x20003118                        __log_dynamic_data_end__ = (__log_dynamic_data_start__ + SIZEOF (.log_dynamic_data))
                0x00000000                        __log_dynamic_data_size__ = SIZEOF (.log_dynamic_data)
                0x0002bb94                        __log_dynamic_data_load_end__ = (__log_dynamic_data_load_start__ + SIZEOF (.log_dynamic_data))
                0x00000001                        . = ASSERT (((__log_dynamic_data_load_start__ == __log_dynamic_data_load_end__) || ((__log_dynamic_data_load_end__ - __FLASH1_segment_start__) <= __FLASH1_segment_size__)), error: .log_dynamic_data is too large to fit in FLASH1 memory segment)

.log_dynamic_data_run
                0x20003118        0x0
                0x20003118                        __log_dynamic_data_run_start__ = .
                0x20003118                        __start_log_dynamic_data = __log_dynamic_data_run_start__
                0x20003118                        __log_dynamic_data_run_end__ = (__log_dynamic_data_run_start__ + SIZEOF (.log_dynamic_data))
                0x00000000                        __log_dynamic_data_run_size__ = (__log_dynamic_data_run_end__ - __log_dynamic_data_run_start__)
                0x20003118                        __stop_log_dynamic_data = __log_dynamic_data_run_end__
                0x20003118                        __log_dynamic_data_run_load_end__ = __log_dynamic_data_run_end__
                0x00000001                        . = ASSERT (((__log_dynamic_data_run_start__ == __log_dynamic_data_run_end__) || ((__log_dynamic_data_run_end__ - __RAM1_segment_start__) <= __RAM1_segment_size__)), error: .log_dynamic_data_run is too large to fit in RAM1 memory segment)
                0x0002bb94                        __log_filter_data_load_start__ = ALIGN ((__log_dynamic_data_load_start__ + SIZEOF (.log_dynamic_data)), 0x4)

.log_filter_data
                0x20003118        0x0 load address 0x0002bb94
                0x20003118                        __log_filter_data_start__ = .
 *(SORT_BY_NAME(.log_filter_data*))
                0x20003118                        __log_filter_data_end__ = (__log_filter_data_start__ + SIZEOF (.log_filter_data))
                0x00000000                        __log_filter_data_size__ = SIZEOF (.log_filter_data)
                0x0002bb94                        __log_filter_data_load_end__ = (__log_filter_data_load_start__ + SIZEOF (.log_filter_data))
                0x00000001                        . = ASSERT (((__log_filter_data_load_start__ == __log_filter_data_load_end__) || ((__log_filter_data_load_end__ - __FLASH1_segment_start__) <= __FLASH1_segment_size__)), error: .log_filter_data is too large to fit in FLASH1 memory segment)

.log_filter_data_run
                0x20003118        0x0
                0x20003118                        __log_filter_data_run_start__ = .
                0x20003118                        __start_log_filter_data = __log_filter_data_run_start__
                0x20003118                        __log_filter_data_run_end__ = (__log_filter_data_run_start__ + SIZEOF (.log_filter_data))
                0x00000000                        __log_filter_data_run_size__ = (__log_filter_data_run_end__ - __log_filter_data_run_start__)
                0x20003118                        __stop_log_filter_data = __log_filter_data_run_end__
                0x20003118                        __log_filter_data_run_load_end__ = __log_filter_data_run_end__
                0x00000001                        . = ASSERT (((__log_filter_data_run_start__ == __log_filter_data_run_end__) || ((__log_filter_data_run_end__ - __RAM1_segment_start__) <= __RAM1_segment_size__)), error: .log_filter_data_run is too large to fit in RAM1 memory segment)
                0x20003118                        __nrf_sections_run_end_load_start__ = ALIGN (__log_filter_data_run_end__, 0x4)

.nrf_sections_run_end
                0x20003118        0x0
                0x20003118                        __nrf_sections_run_end_start__ = .
                0x20003118                        __end_nrf_sections_run = __nrf_sections_run_end_start__
 *(.nrf_sections_run_end .nrf_sections_run_end.*)
                0x20003118                        __nrf_sections_run_end_end__ = (__nrf_sections_run_end_start__ + SIZEOF (.nrf_sections_run_end))
                0x00000000                        __nrf_sections_run_end_size__ = SIZEOF (.nrf_sections_run_end)
                0x20003118                        __nrf_sections_run_end_load_end__ = __nrf_sections_run_end_end__
                0x00000001                        . = ASSERT (((__nrf_sections_run_end_start__ == __nrf_sections_run_end_end__) || ((__nrf_sections_run_end_end__ - __RAM1_segment_start__) <= __RAM1_segment_size__)), error: .nrf_sections_run_end is too large to fit in RAM1 memory segment)
                0x0002bb94                        __dtors_load_start__ = ALIGN ((__log_filter_data_load_start__ + SIZEOF (.log_filter_data)), 0x4)

.dtors          0x0002bb94        0x0
                0x0002bb94                        __dtors_start__ = .
 *(SORT_BY_NAME(.dtors.*))
 *(.dtors)
 *(.fini_array)
 *(SORT_BY_NAME(.fini_array.*))
                0x0002bb94                        __dtors_end__ = (__dtors_start__ + SIZEOF (.dtors))
                0x00000000                        __dtors_size__ = SIZEOF (.dtors)
                0x0002bb94                        __dtors_load_end__ = __dtors_end__
                0x00000001                        . = ASSERT (((__dtors_start__ == __dtors_end__) || ((__dtors_end__ - __FLASH1_segment_start__) <= __FLASH1_segment_size__)), error: .dtors is too large to fit in FLASH1 memory segment)
                0x0002bb94                        __ctors_load_start__ = ALIGN (__dtors_end__, 0x4)

.ctors          0x0002bb94        0x0
                0x0002bb94                        __ctors_start__ = .
 *(SORT_BY_NAME(.ctors.*))
 *(.ctors)
 *(.init_array)
 *(SORT_BY_NAME(.init_array.*))
                0x0002bb94                        __ctors_end__ = (__ctors_start__ + SIZEOF (.ctors))
                0x00000000                        __ctors_size__ = SIZEOF (.ctors)
                0x0002bb94                        __ctors_load_end__ = __ctors_end__
                0x00000001                        . = ASSERT (((__ctors_start__ == __ctors_end__) || ((__ctors_end__ - __FLASH1_segment_start__) <= __FLASH1_segment_size__)), error: .ctors is too large to fit in FLASH1 memory segment)
                0x0002bb94                        __rodata_load_start__ = ALIGN (__ctors_end__, 0x4)

.rodata         0x0002bb94      0xf68
                0x0002bb94                        __rodata_start__ = .
 *(.rodata .rodata.* .gnu.linkonce.r.*)
 .rodata.gatt_evt_handler.str1.1
                0x0002bb94      0xd2a Output/Release/Obj/ble_app_uart_pca10040_s132/main.o
                                 0x55 (size before relaxing)
 .rodata.ble_evt_handler.str1.1
                0x0002c8be       0x2b Output/Release/Obj/ble_app_uart_pca10040_s132/main.o
 .rodata.nus_data_handler.str1.1
                0x0002c8be       0x5d Output/Release/Obj/ble_app_uart_pca10040_s132/main.o
 .rodata.devicenamechange.str1.1
                0x0002c8be       0x30 Output/Release/Obj/ble_app_uart_pca10040_s132/main.o
 .rodata.uart_event_handle.str1.1
                0x0002c8be       0x20 Output/Release/Obj/ble_app_uart_pca10040_s132/main.o
 .rodata.main.str1.1
                0x0002c8be       0x49 Output/Release/Obj/ble_app_uart_pca10040_s132/main.o
 *fill*         0x0002c8be        0x2 
 .rodata.name_change_timer_id
                0x0002c8c0        0x4 Output/Release/Obj/ble_app_uart_pca10040_s132/main.o
 .rodata        0x0002c8c4       0x18 Output/Release/Obj/ble_app_uart_pca10040_s132/main.o
 .rodata.m_board_btn_list
                0x0002c8dc        0x4 Output/Release/Obj/ble_app_uart_pca10040_s132/boards.o
 .rodata.m_board_led_list
                0x0002c8e0        0x4 Output/Release/Obj/ble_app_uart_pca10040_s132/boards.o
 .rodata.app_buttons
                0x0002c8e4       0x20 Output/Release/Obj/ble_app_uart_pca10040_s132/bsp.o
 .rodata.m_bsp_button_tmr
                0x0002c904        0x4 Output/Release/Obj/ble_app_uart_pca10040_s132/bsp.o
 .rodata.m_bsp_alert_tmr
                0x0002c908        0x4 Output/Release/Obj/ble_app_uart_pca10040_s132/bsp.o
 .rodata.m_bsp_leds_tmr
                0x0002c90c        0x4 Output/Release/Obj/ble_app_uart_pca10040_s132/bsp.o
 .rodata.data_length_update.str1.1
                0x0002c910      0x10e Output/Release/Obj/ble_app_uart_pca10040_s132/nrf_ble_gatt.o
 .rodata.nrf_ble_gatt_on_ble_evt.str1.1
                0x0002c910      0x298 Output/Release/Obj/ble_app_uart_pca10040_s132/nrf_ble_gatt.o
 .rodata.str1.1
                0x0002c910        0xd Output/Release/Obj/ble_app_uart_pca10040_s132/nrf_ble_gatt.o
 .rodata.str1.1
                0x0002c910        0x8 Output/Release/Obj/ble_app_uart_pca10040_s132/ble_nus.o
 .rodata        0x0002c910       0x10 Output/Release/Obj/ble_app_uart_pca10040_s132/ble_nus.o
 .rodata.str1.1
                0x0002c920        0x6 Output/Release/Obj/ble_app_uart_pca10040_s132/nrf_drv_clock.o
 .rodata.str1.1
                0x0002c920        0x6 Output/Release/Obj/ble_app_uart_pca10040_s132/nrfx_clock.o
 .rodata.str1.1
                0x0002c920        0x7 Output/Release/Obj/ble_app_uart_pca10040_s132/nrfx_gpiote.o
 .rodata.str1.1
                0x0002c920        0x4 Output/Release/Obj/ble_app_uart_pca10040_s132/nrfx_prs.o
 .rodata.str1.1
                0x0002c920        0x5 Output/Release/Obj/ble_app_uart_pca10040_s132/nrfx_uart.o
 .rodata.str1.1
                0x0002c920        0x6 Output/Release/Obj/ble_app_uart_pca10040_s132/nrfx_uarte.o
 .rodata.m_detection_delay_timer_id
                0x0002c920        0x4 Output/Release/Obj/ble_app_uart_pca10040_s132/app_button.o
 .rodata.str1.1
                0x0002c924        0xb Output/Release/Obj/ble_app_uart_pca10040_s132/app_button.o
 .rodata.app_error_fault_handler.str1.1
                0x0002c924       0x19 Output/Release/Obj/ble_app_uart_pca10040_s132/app_error_weak.o
 .rodata.m_app_timer_sortlist
                0x0002c924        0xc Output/Release/Obj/ble_app_uart_pca10040_s132/app_timer2.o
 .rodata.str1.1
                0x0002c930        0xa Output/Release/Obj/ble_app_uart_pca10040_s132/app_timer2.o
 .rodata        0x0002c930        0x4 Output/Release/Obj/ble_app_uart_pca10040_s132/app_timer2.o
 .rodata        0x0002c934       0x20 Output/Release/Obj/ble_app_uart_pca10040_s132/app_uart_fifo.o
 .rodata.drv_rtc_init.str1.1
                0x0002c954       0x34 Output/Release/Obj/ble_app_uart_pca10040_s132/drv_rtc.o
 *fill*         0x0002c954        0xc 
 .rodata.delay_machine_code.0
                0x0002c960        0x6 Output/Release/Obj/ble_app_uart_pca10040_s132/drv_rtc.o
 *fill*         0x0002c966        0x2 
 .rodata.pwr_mgmt_data
                0x0002c968        0xc Output/Release/Obj/ble_app_uart_pca10040_s132/nrf_pwr_mgmt.o
 .rodata.str1.1
                0x0002c974        0x9 Output/Release/Obj/ble_app_uart_pca10040_s132/nrf_pwr_mgmt.o
 .rodata.str1.1
                0x0002c974        0x9 Output/Release/Obj/ble_app_uart_pca10040_s132/nrf_sortlist.o
 .rodata.str1.1
                0x0002c974      0x3ba Output/Release/Obj/ble_app_uart_pca10040_s132/nrf_strerror.o
 .rodata.nrf_strerror_array
                0x0002c974      0x128 Output/Release/Obj/ble_app_uart_pca10040_s132/nrf_strerror.o
 .rodata.m_unknown_str
                0x0002ca9c       0x13 Output/Release/Obj/ble_app_uart_pca10040_s132/nrf_strerror.o
 .rodata.nrf_log_frontend_dequeue.str1.1
                0x0002caaf       0x11 Output/Release/Obj/ble_app_uart_pca10040_s132/nrf_log_frontend.o
 .rodata.str1.1
                0x0002caaf        0x4 Output/Release/Obj/ble_app_uart_pca10040_s132/nrf_log_frontend.o
 *fill*         0x0002caaf        0x1 
 .rodata.m_log_push_ringbuf
                0x0002cab0        0xc Output/Release/Obj/ble_app_uart_pca10040_s132/nrf_log_frontend.o
 .rodata._DoInit.str1.1